

================================================================
== Vivado HLS Report for 'zeropad2d_cl_array_array_ap_fixed_1u_config7_s'
================================================================
* Date:           Thu Feb 17 20:09:03 2022

* Version:        2019.2 (Build 2704478 on Wed Nov 06 22:10:23 MST 2019)
* Project:        myproject_prj
* Solution:       solution1
* Product family: virtexuplus
* Target device:  xcu250-figd2104-2L-e


================================================================
== Performance Estimates
================================================================
+ Timing: 
    * Summary: 
    +--------+---------+----------+------------+
    |  Clock |  Target | Estimated| Uncertainty|
    +--------+---------+----------+------------+
    |ap_clk  | 5.00 ns | 1.458 ns |   0.62 ns  |
    +--------+---------+----------+------------+

+ Latency: 
    * Summary: 
    +---------+---------+----------+----------+-----+-----+---------+
    |  Latency (cycles) |  Latency (absolute) |  Interval | Pipeline|
    |   min   |   max   |    min   |    max   | min | max |   Type  |
    +---------+---------+----------+----------+-----+-----+---------+
    |      103|      103| 0.515 us | 0.515 us |  103|  103|   none  |
    +---------+---------+----------+----------+-----+-----+---------+

    + Detail: 
        * Instance: 
        N/A

        * Loop: 
        +------------------+---------+---------+----------+-----------+-----------+------+----------+
        |                  |  Latency (cycles) | Iteration|  Initiation Interval  | Trip |          |
        |     Loop Name    |   min   |   max   |  Latency |  achieved |   target  | Count| Pipelined|
        +------------------+---------+---------+----------+-----------+-----------+------+----------+
        |- PadTopWidth     |       10|       10|         1|          -|          -|    10|    no    |
        |- PadMain         |       80|       80|        10|          -|          -|     8|    no    |
        | + CopyMain       |        8|        8|         1|          -|          -|     8|    no    |
        |- PadBottomWidth  |       10|       10|         1|          -|          -|    10|    no    |
        +------------------+---------+---------+----------+-----------+-----------+------+----------+



================================================================
== Utilization Estimates
================================================================
* Summary: 
+---------------------+---------+-------+---------+---------+------+
|         Name        | BRAM_18K| DSP48E|    FF   |   LUT   | URAM |
+---------------------+---------+-------+---------+---------+------+
|DSP                  |        -|      -|        -|        -|     -|
|Expression           |        -|      -|        0|       74|     -|
|FIFO                 |        -|      -|        -|        -|     -|
|Instance             |        -|      -|        -|        -|     -|
|Memory               |        -|      -|        -|        -|     -|
|Multiplexer          |        -|      -|        -|      120|     -|
|Register             |        -|      -|       27|        -|     -|
+---------------------+---------+-------+---------+---------+------+
|Total                |        0|      0|       27|      194|     0|
+---------------------+---------+-------+---------+---------+------+
|Available SLR        |     1344|   3072|   864000|   432000|   320|
+---------------------+---------+-------+---------+---------+------+
|Utilization SLR (%)  |        0|      0|    ~0   |    ~0   |     0|
+---------------------+---------+-------+---------+---------+------+
|Available            |     5376|  12288|  3456000|  1728000|  1280|
+---------------------+---------+-------+---------+---------+------+
|Utilization (%)      |        0|      0|    ~0   |    ~0   |     0|
+---------------------+---------+-------+---------+---------+------+

+ Detail: 
    * Instance: 
    N/A

    * DSP48E: 
    N/A

    * Memory: 
    N/A

    * FIFO: 
    N/A

    * Expression: 
    +---------------------+----------+-------+---+----+------------+------------+
    |    Variable Name    | Operation| DSP48E| FF| LUT| Bitwidth P0| Bitwidth P1|
    +---------------------+----------+-------+---+----+------------+------------+
    |i_fu_153_p2          |     +    |      0|  0|   6|           4|           1|
    |j_1_fu_177_p2        |     +    |      0|  0|   6|           4|           1|
    |j_2_fu_165_p2        |     +    |      0|  0|   6|           4|           1|
    |j_fu_141_p2          |     +    |      0|  0|   6|           4|           1|
    |ap_block_state2      |    and   |      0|  0|   2|           1|           1|
    |ap_block_state3      |    and   |      0|  0|   2|           1|           1|
    |ap_block_state5      |    and   |      0|  0|   2|           1|           1|
    |icmp_ln56_fu_135_p2  |   icmp   |      0|  0|   9|           4|           4|
    |icmp_ln61_fu_147_p2  |   icmp   |      0|  0|  11|           4|           5|
    |icmp_ln65_fu_159_p2  |   icmp   |      0|  0|  11|           4|           5|
    |icmp_ln74_fu_171_p2  |   icmp   |      0|  0|   9|           4|           4|
    |ap_block_state1      |    or    |      0|  0|   2|           1|           1|
    |ap_block_state4      |    or    |      0|  0|   2|           1|           1|
    +---------------------+----------+-------+---+----+------------+------------+
    |Total                |          |      0|  0|  74|          37|          27|
    +---------------------+----------+-------+---+----+------------+------------+

    * Multiplexer: 
    +---------------------------+----+-----------+-----+-----------+
    |            Name           | LUT| Input Size| Bits| Total Bits|
    +---------------------------+----+-----------+-----+-----------+
    |ap_NS_fsm                  |  33|          6|    1|          6|
    |ap_done                    |   9|          2|    1|          2|
    |data_V_data_V_TDATA_blk_n  |   9|          2|    1|          2|
    |i1_0_reg_102               |   9|          2|    4|          8|
    |j3_0_reg_113               |   9|          2|    4|          8|
    |j6_0_reg_124               |   9|          2|    4|          8|
    |j_0_reg_91                 |   9|          2|    4|          8|
    |real_start                 |   9|          2|    1|          2|
    |res_V_data_V_blk_n         |   9|          2|    1|          2|
    |res_V_data_V_din           |  15|          3|   16|         48|
    +---------------------------+----+-----------+-----+-----------+
    |Total                      | 120|         25|   37|         94|
    +---------------------------+----+-----------+-----+-----------+

    * Register: 
    +----------------+---+----+-----+-----------+
    |      Name      | FF| LUT| Bits| Const Bits|
    +----------------+---+----+-----+-----------+
    |ap_CS_fsm       |  5|   0|    5|          0|
    |ap_done_reg     |  1|   0|    1|          0|
    |i1_0_reg_102    |  4|   0|    4|          0|
    |i_reg_194       |  4|   0|    4|          0|
    |j3_0_reg_113    |  4|   0|    4|          0|
    |j6_0_reg_124    |  4|   0|    4|          0|
    |j_0_reg_91      |  4|   0|    4|          0|
    |start_once_reg  |  1|   0|    1|          0|
    +----------------+---+----+-----+-----------+
    |Total           | 27|   0|   27|          0|
    +----------------+---+----+-----+-----------+



================================================================
== Interface
================================================================
* Summary: 
+----------------------+-----+-----+------------+------------------------------------------------+--------------+
|       RTL Ports      | Dir | Bits|  Protocol  |                  Source Object                 |    C Type    |
+----------------------+-----+-----+------------+------------------------------------------------+--------------+
|ap_clk                |  in |    1| ap_ctrl_hs | zeropad2d_cl<array,array<ap_fixed,1u>,config7> | return value |
|ap_rst                |  in |    1| ap_ctrl_hs | zeropad2d_cl<array,array<ap_fixed,1u>,config7> | return value |
|ap_start              |  in |    1| ap_ctrl_hs | zeropad2d_cl<array,array<ap_fixed,1u>,config7> | return value |
|start_full_n          |  in |    1| ap_ctrl_hs | zeropad2d_cl<array,array<ap_fixed,1u>,config7> | return value |
|ap_done               | out |    1| ap_ctrl_hs | zeropad2d_cl<array,array<ap_fixed,1u>,config7> | return value |
|ap_continue           |  in |    1| ap_ctrl_hs | zeropad2d_cl<array,array<ap_fixed,1u>,config7> | return value |
|ap_idle               | out |    1| ap_ctrl_hs | zeropad2d_cl<array,array<ap_fixed,1u>,config7> | return value |
|ap_ready              | out |    1| ap_ctrl_hs | zeropad2d_cl<array,array<ap_fixed,1u>,config7> | return value |
|start_out             | out |    1| ap_ctrl_hs | zeropad2d_cl<array,array<ap_fixed,1u>,config7> | return value |
|start_write           | out |    1| ap_ctrl_hs | zeropad2d_cl<array,array<ap_fixed,1u>,config7> | return value |
|data_V_data_V_TDATA   |  in |   16|    axis    |                  data_V_data_V                 |    pointer   |
|data_V_data_V_TVALID  |  in |    1|    axis    |                  data_V_data_V                 |    pointer   |
|data_V_data_V_TREADY  | out |    1|    axis    |                  data_V_data_V                 |    pointer   |
|res_V_data_V_din      | out |   16|   ap_fifo  |                  res_V_data_V                  |    pointer   |
|res_V_data_V_full_n   |  in |    1|   ap_fifo  |                  res_V_data_V                  |    pointer   |
|res_V_data_V_write    | out |    1|   ap_fifo  |                  res_V_data_V                  |    pointer   |
+----------------------+-----+-----+------------+------------------------------------------------+--------------+

