

================================================================
== Vivado HLS Report for 'im2col_2d_cl_ap_fixed_16_6_5_3_0_config2_s'
================================================================
* Date:           Fri Nov  5 09:39:39 2021

* Version:        2019.2 (Build 2704478 on Wed Nov 06 22:10:23 MST 2019)
* Project:        myproject_prj
* Solution:       solution1
* Product family: virtexuplus
* Target device:  xcu250-figd2104-2L-e


================================================================
== Performance Estimates
================================================================
+ Timing: 
    * Summary: 
    +--------+---------+----------+------------+
    |  Clock |  Target | Estimated| Uncertainty|
    +--------+---------+----------+------------+
    |ap_clk  | 5.00 ns | 3.587 ns |   0.62 ns  |
    +--------+---------+----------+------------+

+ Latency: 
    * Summary: 
    +---------+---------+----------+----------+-----+-----+----------+
    |  Latency (cycles) |  Latency (absolute) |  Interval | Pipeline |
    |   min   |   max   |    min   |    max   | min | max |   Type   |
    +---------+---------+----------+----------+-----+-----+----------+
    |        0|        0|   0 ns   |   0 ns   |    1|    1| function |
    +---------+---------+----------+----------+-----+-----+----------+

    + Detail: 
        * Instance: 
        N/A

        * Loop: 
        N/A



================================================================
== Utilization Estimates
================================================================
* Summary: 
+---------------------+---------+-------+---------+---------+------+
|         Name        | BRAM_18K| DSP48E|    FF   |   LUT   | URAM |
+---------------------+---------+-------+---------+---------+------+
|DSP                  |        -|      -|        -|        -|     -|
|Expression           |        -|      -|        0|    58390|     -|
|FIFO                 |        -|      -|        -|        -|     -|
|Instance             |        -|      -|        -|        -|     -|
|Memory               |        -|      -|        -|        -|     -|
|Multiplexer          |        -|      -|        -|        -|     -|
|Register             |        -|      -|        -|        -|     -|
+---------------------+---------+-------+---------+---------+------+
|Total                |        0|      0|        0|    58390|     0|
+---------------------+---------+-------+---------+---------+------+
|Available SLR        |     1344|   3072|   864000|   432000|   320|
+---------------------+---------+-------+---------+---------+------+
|Utilization SLR (%)  |        0|      0|        0|       13|     0|
+---------------------+---------+-------+---------+---------+------+
|Available            |     5376|  12288|  3456000|  1728000|  1280|
+---------------------+---------+-------+---------+---------+------+
|Utilization (%)      |        0|      0|        0|        3|     0|
+---------------------+---------+-------+---------+---------+------+

+ Detail: 
    * Instance: 
    N/A

    * DSP48E: 
    N/A

    * Memory: 
    N/A

    * FIFO: 
    N/A

    * Expression: 
    +----------------------------+----------+-------+---+------+------------+------------+
    |        Variable Name       | Operation| DSP48E| FF|  LUT | Bitwidth P0| Bitwidth P1|
    +----------------------------+----------+-------+---+------+------------+------------+
    |add_ln160_1_fu_900_p2       |     +    |      0|  0|     6|           1|           4|
    |add_ln160_fu_66_p2          |     +    |      0|  0|     6|           2|           4|
    |add_ln165_1_fu_364_p2       |     +    |      0|  0|     6|           1|           4|
    |add_ln165_fu_88_p2          |     +    |      0|  0|     6|           2|           4|
    |add_ln203_1_fu_228_p2       |     +    |      0|  0|     7|           7|           7|
    |add_ln203_2_fu_382_p2       |     +    |      0|  0|     7|           7|           7|
    |add_ln203_3_fu_534_p2       |     +    |      0|  0|     7|           7|           7|
    |add_ln203_4_fu_656_p2       |     +    |      0|  0|     6|           6|           6|
    |add_ln203_5_fu_778_p2       |     +    |      0|  0|     7|           7|           7|
    |add_ln203_6_fu_922_p2       |     +    |      0|  0|     7|           7|           7|
    |add_ln203_7_fu_1036_p2      |     +    |      0|  0|     7|           7|           7|
    |add_ln203_8_fu_1172_p2      |     +    |      0|  0|     7|           7|           7|
    |add_ln203_fu_114_p2         |     +    |      0|  0|     7|           7|           7|
    |sub_ln203_10_fu_430_p2      |     -    |      0|  0|    11|          11|          11|
    |sub_ln203_11_fu_460_p2      |     -    |      0|  0|    11|          10|          11|
    |sub_ln203_12_fu_570_p2      |     -    |      0|  0|    11|          11|          11|
    |sub_ln203_13_fu_576_p2      |     -    |      0|  0|    11|          10|          11|
    |sub_ln203_14_fu_582_p2      |     -    |      0|  0|    11|          11|          11|
    |sub_ln203_15_fu_612_p2      |     -    |      0|  0|    11|          10|          11|
    |sub_ln203_16_fu_700_p2      |     -    |      0|  0|    11|          11|          11|
    |sub_ln203_17_fu_712_p2      |     -    |      0|  0|    11|          11|          11|
    |sub_ln203_18_fu_742_p2      |     -    |      0|  0|    11|          10|          11|
    |sub_ln203_19_fu_814_p2      |     -    |      0|  0|    11|          11|          11|
    |sub_ln203_1_fu_156_p2       |     -    |      0|  0|    11|          10|          11|
    |sub_ln203_20_fu_820_p2      |     -    |      0|  0|    11|          10|          11|
    |sub_ln203_21_fu_826_p2      |     -    |      0|  0|    11|          11|          11|
    |sub_ln203_22_fu_856_p2      |     -    |      0|  0|    11|          10|          11|
    |sub_ln203_23_fu_958_p2      |     -    |      0|  0|    11|          11|          11|
    |sub_ln203_24_fu_964_p2      |     -    |      0|  0|    11|          10|          11|
    |sub_ln203_25_fu_970_p2      |     -    |      0|  0|    11|          11|          11|
    |sub_ln203_26_fu_1000_p2     |     -    |      0|  0|    11|          10|          11|
    |sub_ln203_27_fu_1072_p2     |     -    |      0|  0|    11|          11|          11|
    |sub_ln203_28_fu_1078_p2     |     -    |      0|  0|    11|          10|          11|
    |sub_ln203_29_fu_1084_p2     |     -    |      0|  0|    11|          11|          11|
    |sub_ln203_2_fu_162_p2       |     -    |      0|  0|    11|          11|          11|
    |sub_ln203_30_fu_1114_p2     |     -    |      0|  0|    11|          10|          11|
    |sub_ln203_31_fu_1208_p2     |     -    |      0|  0|    11|          11|          11|
    |sub_ln203_32_fu_1214_p2     |     -    |      0|  0|    11|          10|          11|
    |sub_ln203_33_fu_1220_p2     |     -    |      0|  0|    11|          11|          11|
    |sub_ln203_34_fu_1250_p2     |     -    |      0|  0|    11|          10|          11|
    |sub_ln203_3_fu_192_p2       |     -    |      0|  0|    11|          10|          11|
    |sub_ln203_4_fu_264_p2       |     -    |      0|  0|    11|          11|          11|
    |sub_ln203_5_fu_270_p2       |     -    |      0|  0|    11|          10|          11|
    |sub_ln203_6_fu_276_p2       |     -    |      0|  0|    11|          11|          11|
    |sub_ln203_7_fu_306_p2       |     -    |      0|  0|    11|          10|          11|
    |sub_ln203_8_fu_418_p2       |     -    |      0|  0|    11|          11|          11|
    |sub_ln203_9_fu_424_p2       |     -    |      0|  0|    11|          10|          11|
    |sub_ln203_fu_150_p2         |     -    |      0|  0|    11|          11|          11|
    |and_ln203_1_fu_332_p2       |    and   |      0|  0|  1023|        1024|        1024|
    |and_ln203_2_fu_486_p2       |    and   |      0|  0|  1023|        1024|        1024|
    |and_ln203_3_fu_638_p2       |    and   |      0|  0|  1023|        1024|        1024|
    |and_ln203_4_fu_768_p2       |    and   |      0|  0|  1023|        1024|        1024|
    |and_ln203_5_fu_882_p2       |    and   |      0|  0|  1023|        1024|        1024|
    |and_ln203_6_fu_1026_p2      |    and   |      0|  0|  1023|        1024|        1024|
    |and_ln203_7_fu_1140_p2      |    and   |      0|  0|  1023|        1024|        1024|
    |and_ln203_8_fu_1276_p2      |    and   |      0|  0|  1023|        1024|        1024|
    |and_ln203_fu_218_p2         |    and   |      0|  0|  1023|        1024|        1024|
    |icmp_ln203_1_fu_248_p2      |   icmp   |      0|  0|    13|          11|          11|
    |icmp_ln203_2_fu_402_p2      |   icmp   |      0|  0|    13|          11|          11|
    |icmp_ln203_3_fu_554_p2      |   icmp   |      0|  0|    13|          11|          11|
    |icmp_ln203_4_fu_676_p2      |   icmp   |      0|  0|    13|          10|          10|
    |icmp_ln203_5_fu_798_p2      |   icmp   |      0|  0|    13|          11|          11|
    |icmp_ln203_6_fu_942_p2      |   icmp   |      0|  0|    13|          11|          11|
    |icmp_ln203_7_fu_1056_p2     |   icmp   |      0|  0|    13|          11|          11|
    |icmp_ln203_8_fu_1192_p2     |   icmp   |      0|  0|    13|          11|          11|
    |icmp_ln203_fu_134_p2        |   icmp   |      0|  0|    13|          11|          11|
    |lshr_ln203_10_fu_870_p2     |   lshr   |      0|  0|  2171|        1024|        1024|
    |lshr_ln203_11_fu_876_p2     |   lshr   |      0|  0|  2171|           2|        1024|
    |lshr_ln203_12_fu_1014_p2    |   lshr   |      0|  0|  2171|        1024|        1024|
    |lshr_ln203_13_fu_1020_p2    |   lshr   |      0|  0|  2171|           2|        1024|
    |lshr_ln203_14_fu_1128_p2    |   lshr   |      0|  0|  2171|        1024|        1024|
    |lshr_ln203_15_fu_1134_p2    |   lshr   |      0|  0|  2171|           2|        1024|
    |lshr_ln203_16_fu_1264_p2    |   lshr   |      0|  0|  2171|        1024|        1024|
    |lshr_ln203_17_fu_1270_p2    |   lshr   |      0|  0|  2171|           2|        1024|
    |lshr_ln203_1_fu_212_p2      |   lshr   |      0|  0|  2171|           2|        1024|
    |lshr_ln203_2_fu_320_p2      |   lshr   |      0|  0|  2171|        1024|        1024|
    |lshr_ln203_3_fu_326_p2      |   lshr   |      0|  0|  2171|           2|        1024|
    |lshr_ln203_4_fu_474_p2      |   lshr   |      0|  0|  2171|        1024|        1024|
    |lshr_ln203_5_fu_480_p2      |   lshr   |      0|  0|  2171|           2|        1024|
    |lshr_ln203_6_fu_626_p2      |   lshr   |      0|  0|  2171|        1024|        1024|
    |lshr_ln203_7_fu_632_p2      |   lshr   |      0|  0|  2171|           2|        1024|
    |lshr_ln203_8_fu_756_p2      |   lshr   |      0|  0|  2171|        1024|        1024|
    |lshr_ln203_9_fu_762_p2      |   lshr   |      0|  0|  2171|           2|        1024|
    |lshr_ln203_fu_206_p2        |   lshr   |      0|  0|  2171|        1024|        1024|
    |empty_26_fu_242_p2          |    or    |      0|  0|    11|          11|           4|
    |empty_27_fu_396_p2          |    or    |      0|  0|    11|          11|           4|
    |empty_28_fu_548_p2          |    or    |      0|  0|    11|          11|           4|
    |empty_29_fu_670_p2          |    or    |      0|  0|    10|          10|           4|
    |empty_30_fu_792_p2          |    or    |      0|  0|    11|          11|           4|
    |empty_31_fu_936_p2          |    or    |      0|  0|    11|          11|           4|
    |empty_32_fu_1050_p2         |    or    |      0|  0|    11|          11|           4|
    |empty_33_fu_1186_p2         |    or    |      0|  0|    11|          11|           4|
    |empty_fu_128_p2             |    or    |      0|  0|    11|          11|           4|
    |or_ln162_1_fu_1150_p2       |    or    |      0|  0|     2|           1|           1|
    |or_ln162_fu_342_p2          |    or    |      0|  0|     2|           1|           1|
    |or_ln166_1_fu_1286_p2       |    or    |      0|  0|     2|           1|           1|
    |or_ln166_fu_496_p2          |    or    |      0|  0|     4|           4|           4|
    |select_ln162_1_fu_356_p3    |  select  |      0|  0|    16|           1|           1|
    |select_ln162_2_fu_1156_p3   |  select  |      0|  0|    16|           1|           1|
    |select_ln162_3_fu_1164_p3   |  select  |      0|  0|    16|           1|           1|
    |select_ln162_fu_348_p3      |  select  |      0|  0|    16|           1|           1|
    |select_ln166_1_fu_648_p3    |  select  |      0|  0|    16|           1|           1|
    |select_ln166_2_fu_892_p3    |  select  |      0|  0|    16|           1|           1|
    |select_ln166_3_fu_1292_p3   |  select  |      0|  0|    16|           1|           1|
    |select_ln166_fu_510_p3      |  select  |      0|  0|    16|           1|           1|
    |select_ln203_10_fu_596_p3   |  select  |      0|  0|  1008|           1|        1024|
    |select_ln203_11_fu_604_p3   |  select  |      0|  0|    11|           1|          11|
    |select_ln203_12_fu_718_p3   |  select  |      0|  0|    11|           1|          11|
    |select_ln203_13_fu_726_p3   |  select  |      0|  0|  1008|           1|        1024|
    |select_ln203_14_fu_734_p3   |  select  |      0|  0|    11|           1|          11|
    |select_ln203_15_fu_832_p3   |  select  |      0|  0|    11|           1|          11|
    |select_ln203_16_fu_840_p3   |  select  |      0|  0|  1008|           1|        1024|
    |select_ln203_17_fu_848_p3   |  select  |      0|  0|    11|           1|          11|
    |select_ln203_18_fu_976_p3   |  select  |      0|  0|    11|           1|          11|
    |select_ln203_19_fu_984_p3   |  select  |      0|  0|  1008|           1|        1024|
    |select_ln203_1_fu_176_p3    |  select  |      0|  0|  1008|           1|        1024|
    |select_ln203_20_fu_992_p3   |  select  |      0|  0|    11|           1|          11|
    |select_ln203_21_fu_1090_p3  |  select  |      0|  0|    11|           1|          11|
    |select_ln203_22_fu_1098_p3  |  select  |      0|  0|  1008|           1|        1024|
    |select_ln203_23_fu_1106_p3  |  select  |      0|  0|    11|           1|          11|
    |select_ln203_24_fu_1226_p3  |  select  |      0|  0|    11|           1|          11|
    |select_ln203_25_fu_1234_p3  |  select  |      0|  0|  1008|           1|        1024|
    |select_ln203_26_fu_1242_p3  |  select  |      0|  0|    11|           1|          11|
    |select_ln203_2_fu_184_p3    |  select  |      0|  0|    11|           1|          11|
    |select_ln203_3_fu_282_p3    |  select  |      0|  0|    11|           1|          11|
    |select_ln203_4_fu_290_p3    |  select  |      0|  0|  1008|           1|        1024|
    |select_ln203_5_fu_298_p3    |  select  |      0|  0|    11|           1|          11|
    |select_ln203_6_fu_436_p3    |  select  |      0|  0|    11|           1|          11|
    |select_ln203_7_fu_444_p3    |  select  |      0|  0|  1008|           1|        1024|
    |select_ln203_8_fu_452_p3    |  select  |      0|  0|    11|           1|          11|
    |select_ln203_9_fu_588_p3    |  select  |      0|  0|    11|           1|          11|
    |select_ln203_fu_168_p3      |  select  |      0|  0|    11|           1|          11|
    |xor_ln203_fu_706_p2         |    xor   |      0|  0|    11|          11|          10|
    +----------------------------+----------+-------+---+------+------------+------------+
    |Total                       |          |      0|  0| 58390|       19135|       37684|
    +----------------------------+----------+-------+---+------+------------+------------+

    * Multiplexer: 
    N/A

    * Register: 
    N/A



================================================================
== Interface
================================================================
* Summary: 
+-------------+-----+------+------------+-------------------------------------------------+--------------+
|  RTL Ports  | Dir | Bits |  Protocol  |                  Source Object                  |    C Type    |
+-------------+-----+------+------------+-------------------------------------------------+--------------+
|ap_ready     | out |     1| ap_ctrl_hs | im2col_2d_cl<ap_fixed<16, 6, 5, 3, 0>, config2> | return value |
|ap_return_0  | out |    16| ap_ctrl_hs | im2col_2d_cl<ap_fixed<16, 6, 5, 3, 0>, config2> | return value |
|ap_return_1  | out |    16| ap_ctrl_hs | im2col_2d_cl<ap_fixed<16, 6, 5, 3, 0>, config2> | return value |
|ap_return_2  | out |    16| ap_ctrl_hs | im2col_2d_cl<ap_fixed<16, 6, 5, 3, 0>, config2> | return value |
|ap_return_3  | out |    16| ap_ctrl_hs | im2col_2d_cl<ap_fixed<16, 6, 5, 3, 0>, config2> | return value |
|ap_return_4  | out |    16| ap_ctrl_hs | im2col_2d_cl<ap_fixed<16, 6, 5, 3, 0>, config2> | return value |
|ap_return_5  | out |    16| ap_ctrl_hs | im2col_2d_cl<ap_fixed<16, 6, 5, 3, 0>, config2> | return value |
|ap_return_6  | out |    16| ap_ctrl_hs | im2col_2d_cl<ap_fixed<16, 6, 5, 3, 0>, config2> | return value |
|ap_return_7  | out |    16| ap_ctrl_hs | im2col_2d_cl<ap_fixed<16, 6, 5, 3, 0>, config2> | return value |
|ap_return_8  | out |    16| ap_ctrl_hs | im2col_2d_cl<ap_fixed<16, 6, 5, 3, 0>, config2> | return value |
|data_V_read  |  in |  1024|   ap_none  |                   data_V_read                   |    scalar    |
|row          |  in |     4|   ap_none  |                       row                       |    scalar    |
|col          |  in |     4|   ap_none  |                       col                       |    scalar    |
+-------------+-----+------+------------+-------------------------------------------------+--------------+

