

================================================================
== Vivado HLS Report for 'conv_2d_cl_array_array_ap_fixed_2u_config2_s'
================================================================
* Date:           Thu Feb 17 20:07:48 2022

* Version:        2019.2 (Build 2704478 on Wed Nov 06 22:10:23 MST 2019)
* Project:        myproject_prj
* Solution:       solution1
* Product family: virtexuplus
* Target device:  xcu250-figd2104-2L-e


================================================================
== Performance Estimates
================================================================
+ Timing: 
    * Summary: 
    +--------+---------+----------+------------+
    |  Clock |  Target | Estimated| Uncertainty|
    +--------+---------+----------+------------+
    |ap_clk  | 5.00 ns | 3.898 ns |   0.62 ns  |
    +--------+---------+----------+------------+

+ Latency: 
    * Summary: 
    +---------+---------+----------+----------+-----+-----+---------+
    |  Latency (cycles) |  Latency (absolute) |  Interval | Pipeline|
    |   min   |   max   |    min   |    max   | min | max |   Type  |
    +---------+---------+----------+----------+-----+-----+---------+
    |      104|      104| 0.520 us | 0.520 us |  104|  104|   none  |
    +---------+---------+----------+----------+-----+-----+---------+

    + Detail: 
        * Instance: 
        N/A

        * Loop: 
        +----------------------------------+---------+---------+----------+-----------+-----------+------+----------+
        |                                  |  Latency (cycles) | Iteration|  Initiation Interval  | Trip |          |
        |             Loop Name            |   min   |   max   |  Latency |  achieved |   target  | Count| Pipelined|
        +----------------------------------+---------+---------+----------+-----------+-----------+------+----------+
        |- ReadInputHeight_ReadInputWidth  |      102|      102|         4|          1|          1|   100|    yes   |
        +----------------------------------+---------+---------+----------+-----------+-----------+------+----------+

============================================================
+ Verbose Summary: Synthesis Manager
============================================================
InlineROM: 1
ExposeGlobal: 0
============================================================
+ Verbose Summary: CDFG Model
============================================================
IsTopModel: 0
ResetActiveHigh: 1
IsCombinational: 2
IsDatapathOnly: 0
HasWiredReturn: 1
HasMFsm: 0
HasVarLatency: 1
IsPipeline: 0
IsRtlPipelined: 0
IsInstanceOverlapped: 0
IsDontTouch: 0
HasImplIP: 0
IsGatedGlobalClock: 0

+ Individual pipeline summary: 
  * Pipeline-0: initiation interval (II) = 1, depth = 4


============================================================
+ Verbose Summary: Schedule
============================================================
* Number of FSM states : 6
* Pipeline : 1
  Pipeline-0 : II = 1, D = 4, States = { 2 3 4 5 }
* Dataflow Pipeline: 0

* FSM state transitions: 
1 --> 2 
2 --> 6 3 
3 --> 4 
4 --> 5 
5 --> 2 
6 --> 

* FSM state operations: 

State 1 <SV = 0> <Delay = 0.61>
ST_1 : Operation 7 [1/1] (0.00ns)   --->   "%pX_loc_1 = alloca i32"   --->   Operation 7 'alloca' 'pX_loc_1' <Predicate = true> <Delay = 0.00>
ST_1 : Operation 8 [1/1] (0.00ns)   --->   "%sX_loc_1 = alloca i32"   --->   Operation 8 'alloca' 'sX_loc_1' <Predicate = true> <Delay = 0.00>
ST_1 : Operation 9 [1/1] (0.00ns)   --->   "%pY_loc_1 = alloca i32"   --->   Operation 9 'alloca' 'pY_loc_1' <Predicate = true> <Delay = 0.00>
ST_1 : Operation 10 [1/1] (0.00ns)   --->   "%sY_loc_1 = alloca i32"   --->   Operation 10 'alloca' 'sY_loc_1' <Predicate = true> <Delay = 0.00>
ST_1 : Operation 11 [1/1] (0.00ns)   --->   "call void (...)* @_ssdm_op_SpecInterface(i16* %res_V_data_1_V, [8 x i8]* @ap_fifo_str, i32 0, i32 0, [1 x i8]* @p_str238, i32 0, i32 0, [1 x i8]* @p_str239, [1 x i8]* @p_str240, [1 x i8]* @p_str241, i32 2, i32 2, i32 16, i32 16, [1 x i8]* @p_str242, [1 x i8]* @p_str243)"   --->   Operation 11 'specinterface' <Predicate = true> <Delay = 0.00>
ST_1 : Operation 12 [1/1] (0.00ns)   --->   "call void (...)* @_ssdm_op_SpecInterface(i16* %res_V_data_0_V, [8 x i8]* @ap_fifo_str, i32 0, i32 0, [1 x i8]* @p_str231, i32 0, i32 0, [1 x i8]* @p_str232, [1 x i8]* @p_str233, [1 x i8]* @p_str234, i32 2, i32 2, i32 16, i32 16, [1 x i8]* @p_str235, [1 x i8]* @p_str236)"   --->   Operation 12 'specinterface' <Predicate = true> <Delay = 0.00>
ST_1 : Operation 13 [1/1] (0.00ns)   --->   "call void (...)* @_ssdm_op_SpecInterface(i16* %data_V_data_V, [8 x i8]* @ap_fifo_str, i32 0, i32 0, [1 x i8]* @p_str224, i32 0, i32 0, [1 x i8]* @p_str225, [1 x i8]* @p_str226, [1 x i8]* @p_str227, i32 2, i32 2, i32 16, i32 16, [1 x i8]* @p_str228, [1 x i8]* @p_str229)"   --->   Operation 13 'specinterface' <Predicate = true> <Delay = 0.00>
ST_1 : Operation 14 [1/1] (0.00ns)   --->   "%kernel_data_V_1_load = load i16* @kernel_data_V_1, align 2" [firmware/nnet_utils/nnet_conv_stream.h:269->firmware/nnet_utils/nnet_conv2d_stream.h:85->firmware/nnet_utils/nnet_conv2d_stream.h:103]   --->   Operation 14 'load' 'kernel_data_V_1_load' <Predicate = true> <Delay = 0.00>
ST_1 : Operation 15 [1/1] (0.00ns)   --->   "%kernel_data_V_2_load = load i16* @kernel_data_V_2, align 2" [firmware/nnet_utils/nnet_conv_stream.h:269->firmware/nnet_utils/nnet_conv2d_stream.h:85->firmware/nnet_utils/nnet_conv2d_stream.h:103]   --->   Operation 15 'load' 'kernel_data_V_2_load' <Predicate = true> <Delay = 0.00>
ST_1 : Operation 16 [1/1] (0.00ns)   --->   "%kernel_data_V_4_load = load i16* @kernel_data_V_4, align 2" [firmware/nnet_utils/nnet_conv_stream.h:269->firmware/nnet_utils/nnet_conv2d_stream.h:85->firmware/nnet_utils/nnet_conv2d_stream.h:103]   --->   Operation 16 'load' 'kernel_data_V_4_load' <Predicate = true> <Delay = 0.00>
ST_1 : Operation 17 [1/1] (0.00ns)   --->   "%kernel_data_V_5_load = load i16* @kernel_data_V_5, align 2" [firmware/nnet_utils/nnet_conv_stream.h:269->firmware/nnet_utils/nnet_conv2d_stream.h:85->firmware/nnet_utils/nnet_conv2d_stream.h:103]   --->   Operation 17 'load' 'kernel_data_V_5_load' <Predicate = true> <Delay = 0.00>
ST_1 : Operation 18 [1/1] (0.00ns)   --->   "%kernel_data_V_7_load = load i16* @kernel_data_V_7, align 2" [firmware/nnet_utils/nnet_conv_stream.h:269->firmware/nnet_utils/nnet_conv2d_stream.h:85->firmware/nnet_utils/nnet_conv2d_stream.h:103]   --->   Operation 18 'load' 'kernel_data_V_7_load' <Predicate = true> <Delay = 0.00>
ST_1 : Operation 19 [1/1] (0.00ns)   --->   "%kernel_data_V_8_load = load i16* @kernel_data_V_8, align 2" [firmware/nnet_utils/nnet_conv_stream.h:269->firmware/nnet_utils/nnet_conv2d_stream.h:85->firmware/nnet_utils/nnet_conv2d_stream.h:103]   --->   Operation 19 'load' 'kernel_data_V_8_load' <Predicate = true> <Delay = 0.00>
ST_1 : Operation 20 [1/1] (0.00ns)   --->   "%sX_load = load i32* @sX, align 4" [firmware/nnet_utils/nnet_conv_stream.h:272->firmware/nnet_utils/nnet_conv2d_stream.h:85->firmware/nnet_utils/nnet_conv2d_stream.h:103]   --->   Operation 20 'load' 'sX_load' <Predicate = true> <Delay = 0.00>
ST_1 : Operation 21 [1/1] (0.00ns)   --->   "%sY_load = load i32* @sY, align 4" [firmware/nnet_utils/nnet_conv_stream.h:272->firmware/nnet_utils/nnet_conv2d_stream.h:85->firmware/nnet_utils/nnet_conv2d_stream.h:103]   --->   Operation 21 'load' 'sY_load' <Predicate = true> <Delay = 0.00>
ST_1 : Operation 22 [1/1] (0.00ns)   --->   "%pY_load = load i32* @pY, align 4" [firmware/nnet_utils/nnet_conv_stream.h:272->firmware/nnet_utils/nnet_conv2d_stream.h:85->firmware/nnet_utils/nnet_conv2d_stream.h:103]   --->   Operation 22 'load' 'pY_load' <Predicate = true> <Delay = 0.00>
ST_1 : Operation 23 [1/1] (0.00ns)   --->   "%pX_load = load i32* @pX, align 4" [firmware/nnet_utils/nnet_conv_stream.h:272->firmware/nnet_utils/nnet_conv2d_stream.h:85->firmware/nnet_utils/nnet_conv2d_stream.h:103]   --->   Operation 23 'load' 'pX_load' <Predicate = true> <Delay = 0.00>
ST_1 : Operation 24 [1/1] (0.61ns)   --->   "store i32 %sY_load, i32* %sY_loc_1" [firmware/nnet_utils/nnet_conv2d_stream.h:78->firmware/nnet_utils/nnet_conv2d_stream.h:103]   --->   Operation 24 'store' <Predicate = true> <Delay = 0.61>
ST_1 : Operation 25 [1/1] (0.61ns)   --->   "store i32 %pY_load, i32* %pY_loc_1" [firmware/nnet_utils/nnet_conv2d_stream.h:78->firmware/nnet_utils/nnet_conv2d_stream.h:103]   --->   Operation 25 'store' <Predicate = true> <Delay = 0.61>
ST_1 : Operation 26 [1/1] (0.61ns)   --->   "store i32 %sX_load, i32* %sX_loc_1" [firmware/nnet_utils/nnet_conv2d_stream.h:78->firmware/nnet_utils/nnet_conv2d_stream.h:103]   --->   Operation 26 'store' <Predicate = true> <Delay = 0.61>
ST_1 : Operation 27 [1/1] (0.61ns)   --->   "store i32 %pX_load, i32* %pX_loc_1" [firmware/nnet_utils/nnet_conv2d_stream.h:78->firmware/nnet_utils/nnet_conv2d_stream.h:103]   --->   Operation 27 'store' <Predicate = true> <Delay = 0.61>
ST_1 : Operation 28 [1/1] (0.60ns)   --->   "br label %"compute_output_buffer_2d<array<ap_fixed<16, 6, 5, 3, 0>, 1u>, array<ap_fixed<16, 6, 5, 3, 0>, 2u>, config2>.exit.i"" [firmware/nnet_utils/nnet_conv2d_stream.h:78->firmware/nnet_utils/nnet_conv2d_stream.h:103]   --->   Operation 28 'br' <Predicate = true> <Delay = 0.60>

State 2 <SV = 1> <Delay = 0.59>
ST_2 : Operation 29 [1/1] (0.00ns)   --->   "%indvar_flatten = phi i7 [ 0, %codeRepl ], [ %add_ln78, %"compute_output_buffer_2d<array<ap_fixed<16, 6, 5, 3, 0>, 1u>, array<ap_fixed<16, 6, 5, 3, 0>, 2u>, config2>.exit.i.backedge" ]" [firmware/nnet_utils/nnet_conv2d_stream.h:78->firmware/nnet_utils/nnet_conv2d_stream.h:103]   --->   Operation 29 'phi' 'indvar_flatten' <Predicate = true> <Delay = 0.00>
ST_2 : Operation 30 [1/1] (0.00ns)   --->   "%kernel_data_V_1_loc_1 = phi i16 [ %kernel_data_V_1_load, %codeRepl ], [ %kernel_data_V_1_ret, %"compute_output_buffer_2d<array<ap_fixed<16, 6, 5, 3, 0>, 1u>, array<ap_fixed<16, 6, 5, 3, 0>, 2u>, config2>.exit.i.backedge" ]" [firmware/nnet_utils/nnet_conv_stream.h:269->firmware/nnet_utils/nnet_conv2d_stream.h:85->firmware/nnet_utils/nnet_conv2d_stream.h:103]   --->   Operation 30 'phi' 'kernel_data_V_1_loc_1' <Predicate = true> <Delay = 0.00>
ST_2 : Operation 31 [1/1] (0.00ns)   --->   "%kernel_data_V_2_loc_1 = phi i16 [ %kernel_data_V_2_load, %codeRepl ], [ %kernel_data_V_2_ret, %"compute_output_buffer_2d<array<ap_fixed<16, 6, 5, 3, 0>, 1u>, array<ap_fixed<16, 6, 5, 3, 0>, 2u>, config2>.exit.i.backedge" ]" [firmware/nnet_utils/nnet_conv_stream.h:269->firmware/nnet_utils/nnet_conv2d_stream.h:85->firmware/nnet_utils/nnet_conv2d_stream.h:103]   --->   Operation 31 'phi' 'kernel_data_V_2_loc_1' <Predicate = true> <Delay = 0.00>
ST_2 : Operation 32 [1/1] (0.00ns)   --->   "%kernel_data_V_4_loc_1 = phi i16 [ %kernel_data_V_4_load, %codeRepl ], [ %kernel_data_V_4_ret, %"compute_output_buffer_2d<array<ap_fixed<16, 6, 5, 3, 0>, 1u>, array<ap_fixed<16, 6, 5, 3, 0>, 2u>, config2>.exit.i.backedge" ]" [firmware/nnet_utils/nnet_conv_stream.h:269->firmware/nnet_utils/nnet_conv2d_stream.h:85->firmware/nnet_utils/nnet_conv2d_stream.h:103]   --->   Operation 32 'phi' 'kernel_data_V_4_loc_1' <Predicate = true> <Delay = 0.00>
ST_2 : Operation 33 [1/1] (0.00ns)   --->   "%kernel_data_V_5_loc_1 = phi i16 [ %kernel_data_V_5_load, %codeRepl ], [ %kernel_data_V_5_ret, %"compute_output_buffer_2d<array<ap_fixed<16, 6, 5, 3, 0>, 1u>, array<ap_fixed<16, 6, 5, 3, 0>, 2u>, config2>.exit.i.backedge" ]" [firmware/nnet_utils/nnet_conv_stream.h:269->firmware/nnet_utils/nnet_conv2d_stream.h:85->firmware/nnet_utils/nnet_conv2d_stream.h:103]   --->   Operation 33 'phi' 'kernel_data_V_5_loc_1' <Predicate = true> <Delay = 0.00>
ST_2 : Operation 34 [1/1] (0.00ns)   --->   "%kernel_data_V_7_loc_1 = phi i16 [ %kernel_data_V_7_load, %codeRepl ], [ %kernel_data_V_7_ret, %"compute_output_buffer_2d<array<ap_fixed<16, 6, 5, 3, 0>, 1u>, array<ap_fixed<16, 6, 5, 3, 0>, 2u>, config2>.exit.i.backedge" ]" [firmware/nnet_utils/nnet_conv_stream.h:269->firmware/nnet_utils/nnet_conv2d_stream.h:85->firmware/nnet_utils/nnet_conv2d_stream.h:103]   --->   Operation 34 'phi' 'kernel_data_V_7_loc_1' <Predicate = true> <Delay = 0.00>
ST_2 : Operation 35 [1/1] (0.00ns)   --->   "%kernel_data_V_8_loc_1 = phi i16 [ %kernel_data_V_8_load, %codeRepl ], [ %kernel_data_V_8_ret, %"compute_output_buffer_2d<array<ap_fixed<16, 6, 5, 3, 0>, 1u>, array<ap_fixed<16, 6, 5, 3, 0>, 2u>, config2>.exit.i.backedge" ]" [firmware/nnet_utils/nnet_conv_stream.h:269->firmware/nnet_utils/nnet_conv2d_stream.h:85->firmware/nnet_utils/nnet_conv2d_stream.h:103]   --->   Operation 35 'phi' 'kernel_data_V_8_loc_1' <Predicate = true> <Delay = 0.00>
ST_2 : Operation 36 [1/1] (0.59ns)   --->   "%icmp_ln78 = icmp eq i7 %indvar_flatten, -28" [firmware/nnet_utils/nnet_conv2d_stream.h:78->firmware/nnet_utils/nnet_conv2d_stream.h:103]   --->   Operation 36 'icmp' 'icmp_ln78' <Predicate = true> <Delay = 0.59> <Core = "Cmp">   --->   Core 25 'Cmp' <Latency = 0> <II = 1> <Delay = 0.85> <FuncUnit> <Opcode : 'icmp'> <InPorts = 2> <OutPorts = 1>
ST_2 : Operation 37 [1/1] (0.40ns)   --->   "%add_ln78 = add i7 %indvar_flatten, 1" [firmware/nnet_utils/nnet_conv2d_stream.h:78->firmware/nnet_utils/nnet_conv2d_stream.h:103]   --->   Operation 37 'add' 'add_ln78' <Predicate = true> <Delay = 0.40> <Core = "AddSub">   --->   Core 14 'AddSub' <Latency = 0> <II = 1> <Delay = 0.66> <FuncUnit> <Opcode : 'add' 'sub'> <InPorts = 2> <OutPorts = 1>
ST_2 : Operation 38 [1/1] (0.00ns)   --->   "br i1 %icmp_ln78, label %"conv_2d_buffer_cl<array<ap_fixed<16, 6, 5, 3, 0>, 1u>, array<ap_fixed<16, 6, 5, 3, 0>, 2u>, config2>.exit", label %hls_label_2" [firmware/nnet_utils/nnet_conv2d_stream.h:78->firmware/nnet_utils/nnet_conv2d_stream.h:103]   --->   Operation 38 'br' <Predicate = true> <Delay = 0.00>
ST_2 : Operation 39 [1/1] (0.00ns)   --->   "br label %"compute_output_buffer_2d<array<ap_fixed<16, 6, 5, 3, 0>, 1u>, array<ap_fixed<16, 6, 5, 3, 0>, 2u>, config2>.exit.i""   --->   Operation 39 'br' <Predicate = (!icmp_ln78)> <Delay = 0.00>

State 3 <SV = 2> <Delay = 2.68>
ST_3 : Operation 40 [1/1] (1.45ns)   --->   "%tmp_data_0_V = call i16 @_ssdm_op_Read.ap_fifo.volatile.i16P(i16* %data_V_data_V)" [firmware/nnet_utils/nnet_conv2d_stream.h:85->firmware/nnet_utils/nnet_conv2d_stream.h:103]   --->   Operation 40 'read' 'tmp_data_0_V' <Predicate = (!icmp_ln78)> <Delay = 1.45> <Core = "FIFO">   --->   Core 32 'FIFO' <Latency = 0> <II = 1> <Delay = 1.45> <Storage> <Opcode : 'read' 'write' 'nbread' 'nbwrite'> <Ports = 0> <Width = 16> <Depth = 1> <FIFO>
ST_3 : Operation 41 [1/1] (1.22ns)   --->   "%call_ret = call fastcc { i16, i16, i16, i16, i16, i16, i16, i16, i16 } @"shift_line_buffer<array<ap_fixed,1u>,config2>"(i16 %tmp_data_0_V, i16 %kernel_data_V_1_loc_1, i16 %kernel_data_V_2_loc_1, i16 %kernel_data_V_4_loc_1, i16 %kernel_data_V_5_loc_1, i16 %kernel_data_V_7_loc_1, i16 %kernel_data_V_8_loc_1)" [firmware/nnet_utils/nnet_conv_stream.h:269->firmware/nnet_utils/nnet_conv2d_stream.h:85->firmware/nnet_utils/nnet_conv2d_stream.h:103]   --->   Operation 41 'call' 'call_ret' <Predicate = (!icmp_ln78)> <Delay = 1.22> <CoreType = "Generic">   --->   Core 0 '' <Latency = 0> <II = 1> <Delay = 1.00> <Generic> <Opcode : >
ST_3 : Operation 42 [1/1] (0.00ns)   --->   "%kernel_data_V_6_ret = extractvalue { i16, i16, i16, i16, i16, i16, i16, i16, i16 } %call_ret, 2" [firmware/nnet_utils/nnet_conv_stream.h:269->firmware/nnet_utils/nnet_conv2d_stream.h:85->firmware/nnet_utils/nnet_conv2d_stream.h:103]   --->   Operation 42 'extractvalue' 'kernel_data_V_6_ret' <Predicate = (!icmp_ln78)> <Delay = 0.00>
ST_3 : Operation 43 [1/1] (0.00ns)   --->   "%kernel_data_V_3_ret = extractvalue { i16, i16, i16, i16, i16, i16, i16, i16, i16 } %call_ret, 1" [firmware/nnet_utils/nnet_conv_stream.h:269->firmware/nnet_utils/nnet_conv2d_stream.h:85->firmware/nnet_utils/nnet_conv2d_stream.h:103]   --->   Operation 43 'extractvalue' 'kernel_data_V_3_ret' <Predicate = (!icmp_ln78)> <Delay = 0.00>
ST_3 : Operation 44 [1/1] (0.00ns)   --->   "%kernel_data_V_0_ret = extractvalue { i16, i16, i16, i16, i16, i16, i16, i16, i16 } %call_ret, 0" [firmware/nnet_utils/nnet_conv_stream.h:269->firmware/nnet_utils/nnet_conv2d_stream.h:85->firmware/nnet_utils/nnet_conv2d_stream.h:103]   --->   Operation 44 'extractvalue' 'kernel_data_V_0_ret' <Predicate = (!icmp_ln78)> <Delay = 0.00>
ST_3 : Operation 45 [1/1] (0.00ns)   --->   "%kernel_data_V_1_ret = extractvalue { i16, i16, i16, i16, i16, i16, i16, i16, i16 } %call_ret, 3" [firmware/nnet_utils/nnet_conv_stream.h:269->firmware/nnet_utils/nnet_conv2d_stream.h:85->firmware/nnet_utils/nnet_conv2d_stream.h:103]   --->   Operation 45 'extractvalue' 'kernel_data_V_1_ret' <Predicate = (!icmp_ln78)> <Delay = 0.00>
ST_3 : Operation 46 [1/1] (0.00ns)   --->   "store i16 %kernel_data_V_1_ret, i16* @kernel_data_V_1, align 2" [firmware/nnet_utils/nnet_conv_stream.h:269->firmware/nnet_utils/nnet_conv2d_stream.h:85->firmware/nnet_utils/nnet_conv2d_stream.h:103]   --->   Operation 46 'store' <Predicate = (!icmp_ln78)> <Delay = 0.00>
ST_3 : Operation 47 [1/1] (0.00ns)   --->   "%kernel_data_V_2_ret = extractvalue { i16, i16, i16, i16, i16, i16, i16, i16, i16 } %call_ret, 4" [firmware/nnet_utils/nnet_conv_stream.h:269->firmware/nnet_utils/nnet_conv2d_stream.h:85->firmware/nnet_utils/nnet_conv2d_stream.h:103]   --->   Operation 47 'extractvalue' 'kernel_data_V_2_ret' <Predicate = (!icmp_ln78)> <Delay = 0.00>
ST_3 : Operation 48 [1/1] (0.00ns)   --->   "store i16 %kernel_data_V_2_ret, i16* @kernel_data_V_2, align 2" [firmware/nnet_utils/nnet_conv_stream.h:269->firmware/nnet_utils/nnet_conv2d_stream.h:85->firmware/nnet_utils/nnet_conv2d_stream.h:103]   --->   Operation 48 'store' <Predicate = (!icmp_ln78)> <Delay = 0.00>
ST_3 : Operation 49 [1/1] (0.00ns)   --->   "%kernel_data_V_4_ret = extractvalue { i16, i16, i16, i16, i16, i16, i16, i16, i16 } %call_ret, 5" [firmware/nnet_utils/nnet_conv_stream.h:269->firmware/nnet_utils/nnet_conv2d_stream.h:85->firmware/nnet_utils/nnet_conv2d_stream.h:103]   --->   Operation 49 'extractvalue' 'kernel_data_V_4_ret' <Predicate = (!icmp_ln78)> <Delay = 0.00>
ST_3 : Operation 50 [1/1] (0.00ns)   --->   "store i16 %kernel_data_V_4_ret, i16* @kernel_data_V_4, align 2" [firmware/nnet_utils/nnet_conv_stream.h:269->firmware/nnet_utils/nnet_conv2d_stream.h:85->firmware/nnet_utils/nnet_conv2d_stream.h:103]   --->   Operation 50 'store' <Predicate = (!icmp_ln78)> <Delay = 0.00>
ST_3 : Operation 51 [1/1] (0.00ns)   --->   "%kernel_data_V_5_ret = extractvalue { i16, i16, i16, i16, i16, i16, i16, i16, i16 } %call_ret, 6" [firmware/nnet_utils/nnet_conv_stream.h:269->firmware/nnet_utils/nnet_conv2d_stream.h:85->firmware/nnet_utils/nnet_conv2d_stream.h:103]   --->   Operation 51 'extractvalue' 'kernel_data_V_5_ret' <Predicate = (!icmp_ln78)> <Delay = 0.00>
ST_3 : Operation 52 [1/1] (0.00ns)   --->   "store i16 %kernel_data_V_5_ret, i16* @kernel_data_V_5, align 2" [firmware/nnet_utils/nnet_conv_stream.h:269->firmware/nnet_utils/nnet_conv2d_stream.h:85->firmware/nnet_utils/nnet_conv2d_stream.h:103]   --->   Operation 52 'store' <Predicate = (!icmp_ln78)> <Delay = 0.00>
ST_3 : Operation 53 [1/1] (0.00ns)   --->   "%kernel_data_V_7_ret = extractvalue { i16, i16, i16, i16, i16, i16, i16, i16, i16 } %call_ret, 7" [firmware/nnet_utils/nnet_conv_stream.h:269->firmware/nnet_utils/nnet_conv2d_stream.h:85->firmware/nnet_utils/nnet_conv2d_stream.h:103]   --->   Operation 53 'extractvalue' 'kernel_data_V_7_ret' <Predicate = (!icmp_ln78)> <Delay = 0.00>
ST_3 : Operation 54 [1/1] (0.00ns)   --->   "store i16 %kernel_data_V_7_ret, i16* @kernel_data_V_7, align 2" [firmware/nnet_utils/nnet_conv_stream.h:269->firmware/nnet_utils/nnet_conv2d_stream.h:85->firmware/nnet_utils/nnet_conv2d_stream.h:103]   --->   Operation 54 'store' <Predicate = (!icmp_ln78)> <Delay = 0.00>
ST_3 : Operation 55 [1/1] (0.00ns)   --->   "%kernel_data_V_8_ret = extractvalue { i16, i16, i16, i16, i16, i16, i16, i16, i16 } %call_ret, 8" [firmware/nnet_utils/nnet_conv_stream.h:269->firmware/nnet_utils/nnet_conv2d_stream.h:85->firmware/nnet_utils/nnet_conv2d_stream.h:103]   --->   Operation 55 'extractvalue' 'kernel_data_V_8_ret' <Predicate = (!icmp_ln78)> <Delay = 0.00>
ST_3 : Operation 56 [1/1] (0.00ns)   --->   "store i16 %kernel_data_V_8_ret, i16* @kernel_data_V_8, align 2" [firmware/nnet_utils/nnet_conv_stream.h:269->firmware/nnet_utils/nnet_conv2d_stream.h:85->firmware/nnet_utils/nnet_conv2d_stream.h:103]   --->   Operation 56 'store' <Predicate = (!icmp_ln78)> <Delay = 0.00>

State 4 <SV = 3> <Delay = 3.89>
ST_4 : Operation 57 [1/1] (0.00ns)   --->   "%pX_loc_1_load = load i32* %pX_loc_1" [firmware/nnet_utils/nnet_conv_stream.h:272->firmware/nnet_utils/nnet_conv2d_stream.h:85->firmware/nnet_utils/nnet_conv2d_stream.h:103]   --->   Operation 57 'load' 'pX_loc_1_load' <Predicate = (!icmp_ln78)> <Delay = 0.00>
ST_4 : Operation 58 [1/1] (0.00ns)   --->   "%sX_loc_1_load_1 = load i32* %sX_loc_1" [firmware/nnet_utils/nnet_conv_stream.h:272->firmware/nnet_utils/nnet_conv2d_stream.h:85->firmware/nnet_utils/nnet_conv2d_stream.h:103]   --->   Operation 58 'load' 'sX_loc_1_load_1' <Predicate = (!icmp_ln78)> <Delay = 0.00>
ST_4 : Operation 59 [1/1] (0.00ns)   --->   "%pY_loc_1_load = load i32* %pY_loc_1" [firmware/nnet_utils/nnet_conv_stream.h:272->firmware/nnet_utils/nnet_conv2d_stream.h:85->firmware/nnet_utils/nnet_conv2d_stream.h:103]   --->   Operation 59 'load' 'pY_loc_1_load' <Predicate = (!icmp_ln78)> <Delay = 0.00>
ST_4 : Operation 60 [1/1] (0.00ns)   --->   "%sY_loc_1_load_1 = load i32* %sY_loc_1" [firmware/nnet_utils/nnet_conv_stream.h:272->firmware/nnet_utils/nnet_conv2d_stream.h:85->firmware/nnet_utils/nnet_conv2d_stream.h:103]   --->   Operation 60 'load' 'sY_loc_1_load_1' <Predicate = (!icmp_ln78)> <Delay = 0.00>
ST_4 : Operation 61 [1/1] (0.85ns)   --->   "%icmp_ln272 = icmp eq i32 %sX_loc_1_load_1, 2" [firmware/nnet_utils/nnet_conv_stream.h:272->firmware/nnet_utils/nnet_conv2d_stream.h:85->firmware/nnet_utils/nnet_conv2d_stream.h:103]   --->   Operation 61 'icmp' 'icmp_ln272' <Predicate = (!icmp_ln78)> <Delay = 0.85> <Core = "Cmp">   --->   Core 25 'Cmp' <Latency = 0> <II = 1> <Delay = 0.85> <FuncUnit> <Opcode : 'icmp'> <InPorts = 2> <OutPorts = 1>
ST_4 : Operation 62 [1/1] (0.85ns)   --->   "%icmp_ln272_1 = icmp eq i32 %sY_loc_1_load_1, 2" [firmware/nnet_utils/nnet_conv_stream.h:272->firmware/nnet_utils/nnet_conv2d_stream.h:85->firmware/nnet_utils/nnet_conv2d_stream.h:103]   --->   Operation 62 'icmp' 'icmp_ln272_1' <Predicate = (!icmp_ln78)> <Delay = 0.85> <Core = "Cmp">   --->   Core 25 'Cmp' <Latency = 0> <II = 1> <Delay = 0.85> <FuncUnit> <Opcode : 'icmp'> <InPorts = 2> <OutPorts = 1>
ST_4 : Operation 63 [1/1] (0.00ns)   --->   "%tmp = call i31 @_ssdm_op_PartSelect.i31.i32.i32.i32(i32 %pY_loc_1_load, i32 1, i32 31)" [firmware/nnet_utils/nnet_conv_stream.h:272->firmware/nnet_utils/nnet_conv2d_stream.h:85->firmware/nnet_utils/nnet_conv2d_stream.h:103]   --->   Operation 63 'partselect' 'tmp' <Predicate = (!icmp_ln78)> <Delay = 0.00>
ST_4 : Operation 64 [1/1] (0.84ns)   --->   "%icmp_ln272_2 = icmp sgt i31 %tmp, 0" [firmware/nnet_utils/nnet_conv_stream.h:272->firmware/nnet_utils/nnet_conv2d_stream.h:85->firmware/nnet_utils/nnet_conv2d_stream.h:103]   --->   Operation 64 'icmp' 'icmp_ln272_2' <Predicate = (!icmp_ln78)> <Delay = 0.84> <Core = "Cmp">   --->   Core 25 'Cmp' <Latency = 0> <II = 1> <Delay = 0.85> <FuncUnit> <Opcode : 'icmp'> <InPorts = 2> <OutPorts = 1>
ST_4 : Operation 65 [1/1] (0.00ns)   --->   "%tmp_40 = call i31 @_ssdm_op_PartSelect.i31.i32.i32.i32(i32 %pX_loc_1_load, i32 1, i32 31)" [firmware/nnet_utils/nnet_conv_stream.h:272->firmware/nnet_utils/nnet_conv2d_stream.h:85->firmware/nnet_utils/nnet_conv2d_stream.h:103]   --->   Operation 65 'partselect' 'tmp_40' <Predicate = (!icmp_ln78)> <Delay = 0.00>
ST_4 : Operation 66 [1/1] (0.84ns)   --->   "%icmp_ln272_3 = icmp sgt i31 %tmp_40, 0" [firmware/nnet_utils/nnet_conv_stream.h:272->firmware/nnet_utils/nnet_conv2d_stream.h:85->firmware/nnet_utils/nnet_conv2d_stream.h:103]   --->   Operation 66 'icmp' 'icmp_ln272_3' <Predicate = (!icmp_ln78)> <Delay = 0.84> <Core = "Cmp">   --->   Core 25 'Cmp' <Latency = 0> <II = 1> <Delay = 0.85> <FuncUnit> <Opcode : 'icmp'> <InPorts = 2> <OutPorts = 1>
ST_4 : Operation 67 [1/1] (0.00ns) (grouped into LUT with out node and_ln272_2)   --->   "%and_ln272 = and i1 %icmp_ln272, %icmp_ln272_1" [firmware/nnet_utils/nnet_conv_stream.h:272->firmware/nnet_utils/nnet_conv2d_stream.h:85->firmware/nnet_utils/nnet_conv2d_stream.h:103]   --->   Operation 67 'and' 'and_ln272' <Predicate = (!icmp_ln78)> <Delay = 0.00> <Core = "LogicGate">   --->   Core 27 'LogicGate' <Latency = 0> <II = 1> <Delay = 0.12> <FuncUnit> <Opcode : 'and' 'or' 'xor'> <InPorts = 2> <OutPorts = 1>
ST_4 : Operation 68 [1/1] (0.00ns) (grouped into LUT with out node and_ln272_2)   --->   "%and_ln272_1 = and i1 %icmp_ln272_2, %icmp_ln272_3" [firmware/nnet_utils/nnet_conv_stream.h:272->firmware/nnet_utils/nnet_conv2d_stream.h:85->firmware/nnet_utils/nnet_conv2d_stream.h:103]   --->   Operation 68 'and' 'and_ln272_1' <Predicate = (!icmp_ln78)> <Delay = 0.00> <Core = "LogicGate">   --->   Core 27 'LogicGate' <Latency = 0> <II = 1> <Delay = 0.12> <FuncUnit> <Opcode : 'and' 'or' 'xor'> <InPorts = 2> <OutPorts = 1>
ST_4 : Operation 69 [1/1] (0.12ns) (out node of the LUT)   --->   "%and_ln272_2 = and i1 %and_ln272_1, %and_ln272" [firmware/nnet_utils/nnet_conv_stream.h:272->firmware/nnet_utils/nnet_conv2d_stream.h:85->firmware/nnet_utils/nnet_conv2d_stream.h:103]   --->   Operation 69 'and' 'and_ln272_2' <Predicate = (!icmp_ln78)> <Delay = 0.12> <Core = "LogicGate">   --->   Core 27 'LogicGate' <Latency = 0> <II = 1> <Delay = 0.12> <FuncUnit> <Opcode : 'and' 'or' 'xor'> <InPorts = 2> <OutPorts = 1>
ST_4 : Operation 70 [1/1] (0.00ns)   --->   "br i1 %and_ln272_2, label %hls_label_4, label %._crit_edge22.i.i" [firmware/nnet_utils/nnet_conv_stream.h:272->firmware/nnet_utils/nnet_conv2d_stream.h:85->firmware/nnet_utils/nnet_conv2d_stream.h:103]   --->   Operation 70 'br' <Predicate = (!icmp_ln78)> <Delay = 0.00>
ST_4 : Operation 71 [1/1] (0.00ns)   --->   "%sext_ln1118 = sext i16 %kernel_data_V_0_ret to i26" [firmware/nnet_utils/nnet_mult.h:77->firmware/nnet_utils/nnet_dense_latency.h:96->firmware/nnet_utils/nnet_conv_stream.h:277->firmware/nnet_utils/nnet_conv2d_stream.h:85->firmware/nnet_utils/nnet_conv2d_stream.h:103]   --->   Operation 71 'sext' 'sext_ln1118' <Predicate = (and_ln272_2)> <Delay = 0.00>
ST_4 : Operation 72 [1/1] (1.94ns)   --->   "%mul_ln1118 = mul i26 %sext_ln1118, 376" [firmware/nnet_utils/nnet_mult.h:77->firmware/nnet_utils/nnet_dense_latency.h:96->firmware/nnet_utils/nnet_conv_stream.h:277->firmware/nnet_utils/nnet_conv2d_stream.h:85->firmware/nnet_utils/nnet_conv2d_stream.h:103]   --->   Operation 72 'mul' 'mul_ln1118' <Predicate = (and_ln272_2)> <Delay = 1.94> <Core = "Mul">   --->   Core 16 'Mul' <Latency = 0> <II = 1> <Delay = 1.94> <FuncUnit> <Opcode : 'mul'> <InPorts = 2> <OutPorts = 1>
ST_4 : Operation 73 [1/1] (0.00ns)   --->   "%trunc_ln = call i16 @_ssdm_op_PartSelect.i16.i26.i32.i32(i26 %mul_ln1118, i32 10, i32 25)" [firmware/nnet_utils/nnet_mult.h:77->firmware/nnet_utils/nnet_dense_latency.h:96->firmware/nnet_utils/nnet_conv_stream.h:277->firmware/nnet_utils/nnet_conv2d_stream.h:85->firmware/nnet_utils/nnet_conv2d_stream.h:103]   --->   Operation 73 'partselect' 'trunc_ln' <Predicate = (and_ln272_2)> <Delay = 0.00>
ST_4 : Operation 74 [1/1] (0.00ns)   --->   "%shl_ln = call i21 @_ssdm_op_BitConcatenate.i21.i16.i5(i16 %kernel_data_V_0_ret, i5 0)" [firmware/nnet_utils/nnet_mult.h:77->firmware/nnet_utils/nnet_dense_latency.h:96->firmware/nnet_utils/nnet_conv_stream.h:277->firmware/nnet_utils/nnet_conv2d_stream.h:85->firmware/nnet_utils/nnet_conv2d_stream.h:103]   --->   Operation 74 'bitconcatenate' 'shl_ln' <Predicate = (and_ln272_2)> <Delay = 0.00>
ST_4 : Operation 75 [1/1] (0.00ns)   --->   "%sext_ln1118_862 = sext i21 %shl_ln to i22" [firmware/nnet_utils/nnet_mult.h:77->firmware/nnet_utils/nnet_dense_latency.h:96->firmware/nnet_utils/nnet_conv_stream.h:277->firmware/nnet_utils/nnet_conv2d_stream.h:85->firmware/nnet_utils/nnet_conv2d_stream.h:103]   --->   Operation 75 'sext' 'sext_ln1118_862' <Predicate = (and_ln272_2)> <Delay = 0.00>
ST_4 : Operation 76 [1/1] (0.00ns)   --->   "%shl_ln1118_s = call i19 @_ssdm_op_BitConcatenate.i19.i16.i3(i16 %kernel_data_V_0_ret, i3 0)" [firmware/nnet_utils/nnet_mult.h:77->firmware/nnet_utils/nnet_dense_latency.h:96->firmware/nnet_utils/nnet_conv_stream.h:277->firmware/nnet_utils/nnet_conv2d_stream.h:85->firmware/nnet_utils/nnet_conv2d_stream.h:103]   --->   Operation 76 'bitconcatenate' 'shl_ln1118_s' <Predicate = (and_ln272_2)> <Delay = 0.00>
ST_4 : Operation 77 [1/1] (0.00ns)   --->   "%sext_ln1118_863 = sext i19 %shl_ln1118_s to i22" [firmware/nnet_utils/nnet_mult.h:77->firmware/nnet_utils/nnet_dense_latency.h:96->firmware/nnet_utils/nnet_conv_stream.h:277->firmware/nnet_utils/nnet_conv2d_stream.h:85->firmware/nnet_utils/nnet_conv2d_stream.h:103]   --->   Operation 77 'sext' 'sext_ln1118_863' <Predicate = (and_ln272_2)> <Delay = 0.00>
ST_4 : Operation 78 [1/1] (0.57ns)   --->   "%add_ln1118 = add i22 %sext_ln1118_863, %sext_ln1118_862" [firmware/nnet_utils/nnet_mult.h:77->firmware/nnet_utils/nnet_dense_latency.h:96->firmware/nnet_utils/nnet_conv_stream.h:277->firmware/nnet_utils/nnet_conv2d_stream.h:85->firmware/nnet_utils/nnet_conv2d_stream.h:103]   --->   Operation 78 'add' 'add_ln1118' <Predicate = (and_ln272_2)> <Delay = 0.57> <Core = "AddSub">   --->   Core 14 'AddSub' <Latency = 0> <II = 1> <Delay = 0.66> <FuncUnit> <Opcode : 'add' 'sub'> <InPorts = 2> <OutPorts = 1>
ST_4 : Operation 79 [1/1] (0.00ns)   --->   "%trunc_ln708_s = call i12 @_ssdm_op_PartSelect.i12.i22.i32.i32(i22 %add_ln1118, i32 10, i32 21)" [firmware/nnet_utils/nnet_mult.h:77->firmware/nnet_utils/nnet_dense_latency.h:96->firmware/nnet_utils/nnet_conv_stream.h:277->firmware/nnet_utils/nnet_conv2d_stream.h:85->firmware/nnet_utils/nnet_conv2d_stream.h:103]   --->   Operation 79 'partselect' 'trunc_ln708_s' <Predicate = (and_ln272_2)> <Delay = 0.00>
ST_4 : Operation 80 [1/1] (0.00ns)   --->   "%sext_ln1118_864 = sext i12 %trunc_ln708_s to i13" [firmware/nnet_utils/nnet_mult.h:77->firmware/nnet_utils/nnet_dense_latency.h:96->firmware/nnet_utils/nnet_conv_stream.h:277->firmware/nnet_utils/nnet_conv2d_stream.h:85->firmware/nnet_utils/nnet_conv2d_stream.h:103]   --->   Operation 80 'sext' 'sext_ln1118_864' <Predicate = (and_ln272_2)> <Delay = 0.00>
ST_4 : Operation 81 [1/1] (0.00ns)   --->   "%sext_ln1118_865 = sext i16 %kernel_data_V_1_ret to i23" [firmware/nnet_utils/nnet_mult.h:77->firmware/nnet_utils/nnet_dense_latency.h:96->firmware/nnet_utils/nnet_conv_stream.h:277->firmware/nnet_utils/nnet_conv2d_stream.h:85->firmware/nnet_utils/nnet_conv2d_stream.h:103]   --->   Operation 81 'sext' 'sext_ln1118_865' <Predicate = (and_ln272_2)> <Delay = 0.00>
ST_4 : Operation 82 [1/1] (0.00ns)   --->   "%sext_ln1118_866 = sext i16 %kernel_data_V_1_ret to i26" [firmware/nnet_utils/nnet_mult.h:77->firmware/nnet_utils/nnet_dense_latency.h:96->firmware/nnet_utils/nnet_conv_stream.h:277->firmware/nnet_utils/nnet_conv2d_stream.h:85->firmware/nnet_utils/nnet_conv2d_stream.h:103]   --->   Operation 82 'sext' 'sext_ln1118_866' <Predicate = (and_ln272_2)> <Delay = 0.00>
ST_4 : Operation 83 [1/1] (1.94ns)   --->   "%mul_ln1118_958 = mul i26 %sext_ln1118_866, -300" [firmware/nnet_utils/nnet_mult.h:77->firmware/nnet_utils/nnet_dense_latency.h:96->firmware/nnet_utils/nnet_conv_stream.h:277->firmware/nnet_utils/nnet_conv2d_stream.h:85->firmware/nnet_utils/nnet_conv2d_stream.h:103]   --->   Operation 83 'mul' 'mul_ln1118_958' <Predicate = (and_ln272_2)> <Delay = 1.94> <Core = "Mul">   --->   Core 16 'Mul' <Latency = 0> <II = 1> <Delay = 1.94> <FuncUnit> <Opcode : 'mul'> <InPorts = 2> <OutPorts = 1>
ST_4 : Operation 84 [1/1] (0.00ns)   --->   "%trunc_ln708_1247 = call i16 @_ssdm_op_PartSelect.i16.i26.i32.i32(i26 %mul_ln1118_958, i32 10, i32 25)" [firmware/nnet_utils/nnet_mult.h:77->firmware/nnet_utils/nnet_dense_latency.h:96->firmware/nnet_utils/nnet_conv_stream.h:277->firmware/nnet_utils/nnet_conv2d_stream.h:85->firmware/nnet_utils/nnet_conv2d_stream.h:103]   --->   Operation 84 'partselect' 'trunc_ln708_1247' <Predicate = (and_ln272_2)> <Delay = 0.00>
ST_4 : Operation 85 [1/1] (1.94ns)   --->   "%mul_ln1118_959 = mul i23 %sext_ln1118_865, 38" [firmware/nnet_utils/nnet_mult.h:77->firmware/nnet_utils/nnet_dense_latency.h:96->firmware/nnet_utils/nnet_conv_stream.h:277->firmware/nnet_utils/nnet_conv2d_stream.h:85->firmware/nnet_utils/nnet_conv2d_stream.h:103]   --->   Operation 85 'mul' 'mul_ln1118_959' <Predicate = (and_ln272_2)> <Delay = 1.94> <Core = "Mul">   --->   Core 16 'Mul' <Latency = 0> <II = 1> <Delay = 1.94> <FuncUnit> <Opcode : 'mul'> <InPorts = 2> <OutPorts = 1>
ST_4 : Operation 86 [1/1] (0.00ns)   --->   "%trunc_ln708_1270 = call i13 @_ssdm_op_PartSelect.i13.i23.i32.i32(i23 %mul_ln1118_959, i32 10, i32 22)" [firmware/nnet_utils/nnet_mult.h:77->firmware/nnet_utils/nnet_dense_latency.h:96->firmware/nnet_utils/nnet_conv_stream.h:277->firmware/nnet_utils/nnet_conv2d_stream.h:85->firmware/nnet_utils/nnet_conv2d_stream.h:103]   --->   Operation 86 'partselect' 'trunc_ln708_1270' <Predicate = (and_ln272_2)> <Delay = 0.00>
ST_4 : Operation 87 [1/1] (0.00ns)   --->   "%sext_ln1118_867 = sext i13 %trunc_ln708_1270 to i14" [firmware/nnet_utils/nnet_mult.h:77->firmware/nnet_utils/nnet_dense_latency.h:96->firmware/nnet_utils/nnet_conv_stream.h:277->firmware/nnet_utils/nnet_conv2d_stream.h:85->firmware/nnet_utils/nnet_conv2d_stream.h:103]   --->   Operation 87 'sext' 'sext_ln1118_867' <Predicate = (and_ln272_2)> <Delay = 0.00>
ST_4 : Operation 88 [1/1] (0.00ns)   --->   "%sext_ln1118_868 = sext i16 %kernel_data_V_2_ret to i26" [firmware/nnet_utils/nnet_mult.h:77->firmware/nnet_utils/nnet_dense_latency.h:96->firmware/nnet_utils/nnet_conv_stream.h:277->firmware/nnet_utils/nnet_conv2d_stream.h:85->firmware/nnet_utils/nnet_conv2d_stream.h:103]   --->   Operation 88 'sext' 'sext_ln1118_868' <Predicate = (and_ln272_2)> <Delay = 0.00>
ST_4 : Operation 89 [1/1] (1.94ns)   --->   "%mul_ln1118_960 = mul i26 %sext_ln1118_868, -363" [firmware/nnet_utils/nnet_mult.h:77->firmware/nnet_utils/nnet_dense_latency.h:96->firmware/nnet_utils/nnet_conv_stream.h:277->firmware/nnet_utils/nnet_conv2d_stream.h:85->firmware/nnet_utils/nnet_conv2d_stream.h:103]   --->   Operation 89 'mul' 'mul_ln1118_960' <Predicate = (and_ln272_2)> <Delay = 1.94> <Core = "Mul">   --->   Core 16 'Mul' <Latency = 0> <II = 1> <Delay = 1.94> <FuncUnit> <Opcode : 'mul'> <InPorts = 2> <OutPorts = 1>
ST_4 : Operation 90 [1/1] (0.00ns)   --->   "%trunc_ln708_1249 = call i16 @_ssdm_op_PartSelect.i16.i26.i32.i32(i26 %mul_ln1118_960, i32 10, i32 25)" [firmware/nnet_utils/nnet_mult.h:77->firmware/nnet_utils/nnet_dense_latency.h:96->firmware/nnet_utils/nnet_conv_stream.h:277->firmware/nnet_utils/nnet_conv2d_stream.h:85->firmware/nnet_utils/nnet_conv2d_stream.h:103]   --->   Operation 90 'partselect' 'trunc_ln708_1249' <Predicate = (and_ln272_2)> <Delay = 0.00>
ST_4 : Operation 91 [1/1] (1.94ns)   --->   "%mul_ln1118_961 = mul i26 %sext_ln1118_868, 359" [firmware/nnet_utils/nnet_mult.h:77->firmware/nnet_utils/nnet_dense_latency.h:96->firmware/nnet_utils/nnet_conv_stream.h:277->firmware/nnet_utils/nnet_conv2d_stream.h:85->firmware/nnet_utils/nnet_conv2d_stream.h:103]   --->   Operation 91 'mul' 'mul_ln1118_961' <Predicate = (and_ln272_2)> <Delay = 1.94> <Core = "Mul">   --->   Core 16 'Mul' <Latency = 0> <II = 1> <Delay = 1.94> <FuncUnit> <Opcode : 'mul'> <InPorts = 2> <OutPorts = 1>
ST_4 : Operation 92 [1/1] (0.00ns)   --->   "%trunc_ln708_1250 = call i16 @_ssdm_op_PartSelect.i16.i26.i32.i32(i26 %mul_ln1118_961, i32 10, i32 25)" [firmware/nnet_utils/nnet_mult.h:77->firmware/nnet_utils/nnet_dense_latency.h:96->firmware/nnet_utils/nnet_conv_stream.h:277->firmware/nnet_utils/nnet_conv2d_stream.h:85->firmware/nnet_utils/nnet_conv2d_stream.h:103]   --->   Operation 92 'partselect' 'trunc_ln708_1250' <Predicate = (and_ln272_2)> <Delay = 0.00>
ST_4 : Operation 93 [1/1] (0.00ns)   --->   "%sext_ln1118_869 = sext i16 %kernel_data_V_3_ret to i23" [firmware/nnet_utils/nnet_mult.h:77->firmware/nnet_utils/nnet_dense_latency.h:96->firmware/nnet_utils/nnet_conv_stream.h:277->firmware/nnet_utils/nnet_conv2d_stream.h:85->firmware/nnet_utils/nnet_conv2d_stream.h:103]   --->   Operation 93 'sext' 'sext_ln1118_869' <Predicate = (and_ln272_2)> <Delay = 0.00>
ST_4 : Operation 94 [1/1] (0.00ns)   --->   "%shl_ln1118_369 = call i23 @_ssdm_op_BitConcatenate.i23.i16.i7(i16 %kernel_data_V_3_ret, i7 0)" [firmware/nnet_utils/nnet_mult.h:77->firmware/nnet_utils/nnet_dense_latency.h:96->firmware/nnet_utils/nnet_conv_stream.h:277->firmware/nnet_utils/nnet_conv2d_stream.h:85->firmware/nnet_utils/nnet_conv2d_stream.h:103]   --->   Operation 94 'bitconcatenate' 'shl_ln1118_369' <Predicate = (and_ln272_2)> <Delay = 0.00>
ST_4 : Operation 95 [1/1] (0.00ns)   --->   "%sext_ln1118_870 = sext i23 %shl_ln1118_369 to i24" [firmware/nnet_utils/nnet_mult.h:77->firmware/nnet_utils/nnet_dense_latency.h:96->firmware/nnet_utils/nnet_conv_stream.h:277->firmware/nnet_utils/nnet_conv2d_stream.h:85->firmware/nnet_utils/nnet_conv2d_stream.h:103]   --->   Operation 95 'sext' 'sext_ln1118_870' <Predicate = (and_ln272_2)> <Delay = 0.00>
ST_4 : Operation 96 [1/1] (0.00ns)   --->   "%shl_ln1118_370 = call i21 @_ssdm_op_BitConcatenate.i21.i16.i5(i16 %kernel_data_V_3_ret, i5 0)" [firmware/nnet_utils/nnet_mult.h:77->firmware/nnet_utils/nnet_dense_latency.h:96->firmware/nnet_utils/nnet_conv_stream.h:277->firmware/nnet_utils/nnet_conv2d_stream.h:85->firmware/nnet_utils/nnet_conv2d_stream.h:103]   --->   Operation 96 'bitconcatenate' 'shl_ln1118_370' <Predicate = (and_ln272_2)> <Delay = 0.00>
ST_4 : Operation 97 [1/1] (0.00ns)   --->   "%sext_ln1118_871 = sext i21 %shl_ln1118_370 to i24" [firmware/nnet_utils/nnet_mult.h:77->firmware/nnet_utils/nnet_dense_latency.h:96->firmware/nnet_utils/nnet_conv_stream.h:277->firmware/nnet_utils/nnet_conv2d_stream.h:85->firmware/nnet_utils/nnet_conv2d_stream.h:103]   --->   Operation 97 'sext' 'sext_ln1118_871' <Predicate = (and_ln272_2)> <Delay = 0.00>
ST_4 : Operation 98 [1/1] (0.59ns)   --->   "%sub_ln1118 = sub i24 %sext_ln1118_870, %sext_ln1118_871" [firmware/nnet_utils/nnet_mult.h:77->firmware/nnet_utils/nnet_dense_latency.h:96->firmware/nnet_utils/nnet_conv_stream.h:277->firmware/nnet_utils/nnet_conv2d_stream.h:85->firmware/nnet_utils/nnet_conv2d_stream.h:103]   --->   Operation 98 'sub' 'sub_ln1118' <Predicate = (and_ln272_2)> <Delay = 0.59> <Core = "AddSub">   --->   Core 14 'AddSub' <Latency = 0> <II = 1> <Delay = 0.66> <FuncUnit> <Opcode : 'add' 'sub'> <InPorts = 2> <OutPorts = 1>
ST_4 : Operation 99 [1/1] (0.00ns)   --->   "%trunc_ln708_1271 = call i14 @_ssdm_op_PartSelect.i14.i24.i32.i32(i24 %sub_ln1118, i32 10, i32 23)" [firmware/nnet_utils/nnet_mult.h:77->firmware/nnet_utils/nnet_dense_latency.h:96->firmware/nnet_utils/nnet_conv_stream.h:277->firmware/nnet_utils/nnet_conv2d_stream.h:85->firmware/nnet_utils/nnet_conv2d_stream.h:103]   --->   Operation 99 'partselect' 'trunc_ln708_1271' <Predicate = (and_ln272_2)> <Delay = 0.00>
ST_4 : Operation 100 [1/1] (0.00ns)   --->   "%sext_ln1118_872 = sext i14 %trunc_ln708_1271 to i15" [firmware/nnet_utils/nnet_mult.h:77->firmware/nnet_utils/nnet_dense_latency.h:96->firmware/nnet_utils/nnet_conv_stream.h:277->firmware/nnet_utils/nnet_conv2d_stream.h:85->firmware/nnet_utils/nnet_conv2d_stream.h:103]   --->   Operation 100 'sext' 'sext_ln1118_872' <Predicate = (and_ln272_2)> <Delay = 0.00>
ST_4 : Operation 101 [1/1] (1.94ns)   --->   "%mul_ln1118_962 = mul i23 %sext_ln1118_869, -52" [firmware/nnet_utils/nnet_mult.h:77->firmware/nnet_utils/nnet_dense_latency.h:96->firmware/nnet_utils/nnet_conv_stream.h:277->firmware/nnet_utils/nnet_conv2d_stream.h:85->firmware/nnet_utils/nnet_conv2d_stream.h:103]   --->   Operation 101 'mul' 'mul_ln1118_962' <Predicate = (and_ln272_2)> <Delay = 1.94> <Core = "Mul">   --->   Core 16 'Mul' <Latency = 0> <II = 1> <Delay = 1.94> <FuncUnit> <Opcode : 'mul'> <InPorts = 2> <OutPorts = 1>
ST_4 : Operation 102 [1/1] (0.00ns)   --->   "%trunc_ln708_1272 = call i13 @_ssdm_op_PartSelect.i13.i23.i32.i32(i23 %mul_ln1118_962, i32 10, i32 22)" [firmware/nnet_utils/nnet_mult.h:77->firmware/nnet_utils/nnet_dense_latency.h:96->firmware/nnet_utils/nnet_conv_stream.h:277->firmware/nnet_utils/nnet_conv2d_stream.h:85->firmware/nnet_utils/nnet_conv2d_stream.h:103]   --->   Operation 102 'partselect' 'trunc_ln708_1272' <Predicate = (and_ln272_2)> <Delay = 0.00>
ST_4 : Operation 103 [1/1] (0.00ns)   --->   "%sext_ln1118_873 = sext i13 %trunc_ln708_1272 to i14" [firmware/nnet_utils/nnet_mult.h:77->firmware/nnet_utils/nnet_dense_latency.h:96->firmware/nnet_utils/nnet_conv_stream.h:277->firmware/nnet_utils/nnet_conv2d_stream.h:85->firmware/nnet_utils/nnet_conv2d_stream.h:103]   --->   Operation 103 'sext' 'sext_ln1118_873' <Predicate = (and_ln272_2)> <Delay = 0.00>
ST_4 : Operation 104 [1/1] (0.00ns)   --->   "%sext_ln1118_874 = sext i16 %kernel_data_V_4_ret to i26" [firmware/nnet_utils/nnet_mult.h:77->firmware/nnet_utils/nnet_dense_latency.h:96->firmware/nnet_utils/nnet_conv_stream.h:277->firmware/nnet_utils/nnet_conv2d_stream.h:85->firmware/nnet_utils/nnet_conv2d_stream.h:103]   --->   Operation 104 'sext' 'sext_ln1118_874' <Predicate = (and_ln272_2)> <Delay = 0.00>
ST_4 : Operation 105 [1/1] (0.00ns)   --->   "%sext_ln1118_875 = sext i16 %kernel_data_V_4_ret to i25" [firmware/nnet_utils/nnet_mult.h:77->firmware/nnet_utils/nnet_dense_latency.h:96->firmware/nnet_utils/nnet_conv_stream.h:277->firmware/nnet_utils/nnet_conv2d_stream.h:85->firmware/nnet_utils/nnet_conv2d_stream.h:103]   --->   Operation 105 'sext' 'sext_ln1118_875' <Predicate = (and_ln272_2)> <Delay = 0.00>
ST_4 : Operation 106 [1/1] (1.94ns)   --->   "%mul_ln1118_963 = mul i25 %sext_ln1118_875, 214" [firmware/nnet_utils/nnet_mult.h:77->firmware/nnet_utils/nnet_dense_latency.h:96->firmware/nnet_utils/nnet_conv_stream.h:277->firmware/nnet_utils/nnet_conv2d_stream.h:85->firmware/nnet_utils/nnet_conv2d_stream.h:103]   --->   Operation 106 'mul' 'mul_ln1118_963' <Predicate = (and_ln272_2)> <Delay = 1.94> <Core = "Mul">   --->   Core 16 'Mul' <Latency = 0> <II = 1> <Delay = 1.94> <FuncUnit> <Opcode : 'mul'> <InPorts = 2> <OutPorts = 1>
ST_4 : Operation 107 [1/1] (0.00ns)   --->   "%trunc_ln708_1273 = call i15 @_ssdm_op_PartSelect.i15.i25.i32.i32(i25 %mul_ln1118_963, i32 10, i32 24)" [firmware/nnet_utils/nnet_mult.h:77->firmware/nnet_utils/nnet_dense_latency.h:96->firmware/nnet_utils/nnet_conv_stream.h:277->firmware/nnet_utils/nnet_conv2d_stream.h:85->firmware/nnet_utils/nnet_conv2d_stream.h:103]   --->   Operation 107 'partselect' 'trunc_ln708_1273' <Predicate = (and_ln272_2)> <Delay = 0.00>
ST_4 : Operation 108 [1/1] (0.00ns)   --->   "%sext_ln708 = sext i15 %trunc_ln708_1273 to i16" [firmware/nnet_utils/nnet_mult.h:77->firmware/nnet_utils/nnet_dense_latency.h:96->firmware/nnet_utils/nnet_conv_stream.h:277->firmware/nnet_utils/nnet_conv2d_stream.h:85->firmware/nnet_utils/nnet_conv2d_stream.h:103]   --->   Operation 108 'sext' 'sext_ln708' <Predicate = (and_ln272_2)> <Delay = 0.00>
ST_4 : Operation 109 [1/1] (1.94ns)   --->   "%mul_ln1118_964 = mul i26 %sext_ln1118_874, -479" [firmware/nnet_utils/nnet_mult.h:77->firmware/nnet_utils/nnet_dense_latency.h:96->firmware/nnet_utils/nnet_conv_stream.h:277->firmware/nnet_utils/nnet_conv2d_stream.h:85->firmware/nnet_utils/nnet_conv2d_stream.h:103]   --->   Operation 109 'mul' 'mul_ln1118_964' <Predicate = (and_ln272_2)> <Delay = 1.94> <Core = "Mul">   --->   Core 16 'Mul' <Latency = 0> <II = 1> <Delay = 1.94> <FuncUnit> <Opcode : 'mul'> <InPorts = 2> <OutPorts = 1>
ST_4 : Operation 110 [1/1] (0.00ns)   --->   "%trunc_ln708_1254 = call i16 @_ssdm_op_PartSelect.i16.i26.i32.i32(i26 %mul_ln1118_964, i32 10, i32 25)" [firmware/nnet_utils/nnet_mult.h:77->firmware/nnet_utils/nnet_dense_latency.h:96->firmware/nnet_utils/nnet_conv_stream.h:277->firmware/nnet_utils/nnet_conv2d_stream.h:85->firmware/nnet_utils/nnet_conv2d_stream.h:103]   --->   Operation 110 'partselect' 'trunc_ln708_1254' <Predicate = (and_ln272_2)> <Delay = 0.00>
ST_4 : Operation 111 [1/1] (0.00ns)   --->   "%sext_ln1118_876 = sext i16 %kernel_data_V_5_ret to i23" [firmware/nnet_utils/nnet_mult.h:77->firmware/nnet_utils/nnet_dense_latency.h:96->firmware/nnet_utils/nnet_conv_stream.h:277->firmware/nnet_utils/nnet_conv2d_stream.h:85->firmware/nnet_utils/nnet_conv2d_stream.h:103]   --->   Operation 111 'sext' 'sext_ln1118_876' <Predicate = (and_ln272_2)> <Delay = 0.00>
ST_4 : Operation 112 [1/1] (0.00ns)   --->   "%sext_ln1118_877 = sext i16 %kernel_data_V_5_ret to i26" [firmware/nnet_utils/nnet_mult.h:77->firmware/nnet_utils/nnet_dense_latency.h:96->firmware/nnet_utils/nnet_conv_stream.h:277->firmware/nnet_utils/nnet_conv2d_stream.h:85->firmware/nnet_utils/nnet_conv2d_stream.h:103]   --->   Operation 112 'sext' 'sext_ln1118_877' <Predicate = (and_ln272_2)> <Delay = 0.00>
ST_4 : Operation 113 [1/1] (1.94ns)   --->   "%mul_ln1118_965 = mul i26 %sext_ln1118_877, 453" [firmware/nnet_utils/nnet_mult.h:77->firmware/nnet_utils/nnet_dense_latency.h:96->firmware/nnet_utils/nnet_conv_stream.h:277->firmware/nnet_utils/nnet_conv2d_stream.h:85->firmware/nnet_utils/nnet_conv2d_stream.h:103]   --->   Operation 113 'mul' 'mul_ln1118_965' <Predicate = (and_ln272_2)> <Delay = 1.94> <Core = "Mul">   --->   Core 16 'Mul' <Latency = 0> <II = 1> <Delay = 1.94> <FuncUnit> <Opcode : 'mul'> <InPorts = 2> <OutPorts = 1>
ST_4 : Operation 114 [1/1] (0.00ns)   --->   "%trunc_ln708_1255 = call i16 @_ssdm_op_PartSelect.i16.i26.i32.i32(i26 %mul_ln1118_965, i32 10, i32 25)" [firmware/nnet_utils/nnet_mult.h:77->firmware/nnet_utils/nnet_dense_latency.h:96->firmware/nnet_utils/nnet_conv_stream.h:277->firmware/nnet_utils/nnet_conv2d_stream.h:85->firmware/nnet_utils/nnet_conv2d_stream.h:103]   --->   Operation 114 'partselect' 'trunc_ln708_1255' <Predicate = (and_ln272_2)> <Delay = 0.00>
ST_4 : Operation 115 [1/1] (1.94ns)   --->   "%mul_ln1118_966 = mul i23 %sext_ln1118_876, -54" [firmware/nnet_utils/nnet_mult.h:77->firmware/nnet_utils/nnet_dense_latency.h:96->firmware/nnet_utils/nnet_conv_stream.h:277->firmware/nnet_utils/nnet_conv2d_stream.h:85->firmware/nnet_utils/nnet_conv2d_stream.h:103]   --->   Operation 115 'mul' 'mul_ln1118_966' <Predicate = (and_ln272_2)> <Delay = 1.94> <Core = "Mul">   --->   Core 16 'Mul' <Latency = 0> <II = 1> <Delay = 1.94> <FuncUnit> <Opcode : 'mul'> <InPorts = 2> <OutPorts = 1>
ST_4 : Operation 116 [1/1] (0.00ns)   --->   "%trunc_ln708_1274 = call i13 @_ssdm_op_PartSelect.i13.i23.i32.i32(i23 %mul_ln1118_966, i32 10, i32 22)" [firmware/nnet_utils/nnet_mult.h:77->firmware/nnet_utils/nnet_dense_latency.h:96->firmware/nnet_utils/nnet_conv_stream.h:277->firmware/nnet_utils/nnet_conv2d_stream.h:85->firmware/nnet_utils/nnet_conv2d_stream.h:103]   --->   Operation 116 'partselect' 'trunc_ln708_1274' <Predicate = (and_ln272_2)> <Delay = 0.00>
ST_4 : Operation 117 [1/1] (0.00ns)   --->   "%sext_ln1118_878 = sext i13 %trunc_ln708_1274 to i14" [firmware/nnet_utils/nnet_mult.h:77->firmware/nnet_utils/nnet_dense_latency.h:96->firmware/nnet_utils/nnet_conv_stream.h:277->firmware/nnet_utils/nnet_conv2d_stream.h:85->firmware/nnet_utils/nnet_conv2d_stream.h:103]   --->   Operation 117 'sext' 'sext_ln1118_878' <Predicate = (and_ln272_2)> <Delay = 0.00>
ST_4 : Operation 118 [1/1] (0.00ns)   --->   "%sext_ln1118_879 = sext i16 %kernel_data_V_6_ret to i26" [firmware/nnet_utils/nnet_mult.h:77->firmware/nnet_utils/nnet_dense_latency.h:96->firmware/nnet_utils/nnet_conv_stream.h:277->firmware/nnet_utils/nnet_conv2d_stream.h:85->firmware/nnet_utils/nnet_conv2d_stream.h:103]   --->   Operation 118 'sext' 'sext_ln1118_879' <Predicate = (and_ln272_2)> <Delay = 0.00>
ST_4 : Operation 119 [1/1] (0.00ns)   --->   "%shl_ln1118_371 = call i22 @_ssdm_op_BitConcatenate.i22.i16.i6(i16 %kernel_data_V_6_ret, i6 0)" [firmware/nnet_utils/nnet_mult.h:77->firmware/nnet_utils/nnet_dense_latency.h:96->firmware/nnet_utils/nnet_conv_stream.h:277->firmware/nnet_utils/nnet_conv2d_stream.h:85->firmware/nnet_utils/nnet_conv2d_stream.h:103]   --->   Operation 119 'bitconcatenate' 'shl_ln1118_371' <Predicate = (and_ln272_2)> <Delay = 0.00>
ST_4 : Operation 120 [1/1] (0.00ns)   --->   "%sext_ln1118_880 = sext i22 %shl_ln1118_371 to i23" [firmware/nnet_utils/nnet_mult.h:77->firmware/nnet_utils/nnet_dense_latency.h:96->firmware/nnet_utils/nnet_conv_stream.h:277->firmware/nnet_utils/nnet_conv2d_stream.h:85->firmware/nnet_utils/nnet_conv2d_stream.h:103]   --->   Operation 120 'sext' 'sext_ln1118_880' <Predicate = (and_ln272_2)> <Delay = 0.00>
ST_4 : Operation 121 [1/1] (0.00ns)   --->   "%shl_ln1118_372 = call i20 @_ssdm_op_BitConcatenate.i20.i16.i4(i16 %kernel_data_V_6_ret, i4 0)" [firmware/nnet_utils/nnet_mult.h:77->firmware/nnet_utils/nnet_dense_latency.h:96->firmware/nnet_utils/nnet_conv_stream.h:277->firmware/nnet_utils/nnet_conv2d_stream.h:85->firmware/nnet_utils/nnet_conv2d_stream.h:103]   --->   Operation 121 'bitconcatenate' 'shl_ln1118_372' <Predicate = (and_ln272_2)> <Delay = 0.00>
ST_4 : Operation 122 [1/1] (0.00ns)   --->   "%sext_ln1118_881 = sext i20 %shl_ln1118_372 to i23" [firmware/nnet_utils/nnet_mult.h:77->firmware/nnet_utils/nnet_dense_latency.h:96->firmware/nnet_utils/nnet_conv_stream.h:277->firmware/nnet_utils/nnet_conv2d_stream.h:85->firmware/nnet_utils/nnet_conv2d_stream.h:103]   --->   Operation 122 'sext' 'sext_ln1118_881' <Predicate = (and_ln272_2)> <Delay = 0.00>
ST_4 : Operation 123 [1/1] (0.58ns)   --->   "%add_ln1118_72 = add i23 %sext_ln1118_881, %sext_ln1118_880" [firmware/nnet_utils/nnet_mult.h:77->firmware/nnet_utils/nnet_dense_latency.h:96->firmware/nnet_utils/nnet_conv_stream.h:277->firmware/nnet_utils/nnet_conv2d_stream.h:85->firmware/nnet_utils/nnet_conv2d_stream.h:103]   --->   Operation 123 'add' 'add_ln1118_72' <Predicate = (and_ln272_2)> <Delay = 0.58> <Core = "AddSub">   --->   Core 14 'AddSub' <Latency = 0> <II = 1> <Delay = 0.66> <FuncUnit> <Opcode : 'add' 'sub'> <InPorts = 2> <OutPorts = 1>
ST_4 : Operation 124 [1/1] (0.00ns)   --->   "%trunc_ln708_1275 = call i13 @_ssdm_op_PartSelect.i13.i23.i32.i32(i23 %add_ln1118_72, i32 10, i32 22)" [firmware/nnet_utils/nnet_mult.h:77->firmware/nnet_utils/nnet_dense_latency.h:96->firmware/nnet_utils/nnet_conv_stream.h:277->firmware/nnet_utils/nnet_conv2d_stream.h:85->firmware/nnet_utils/nnet_conv2d_stream.h:103]   --->   Operation 124 'partselect' 'trunc_ln708_1275' <Predicate = (and_ln272_2)> <Delay = 0.00>
ST_4 : Operation 125 [1/1] (0.00ns)   --->   "%sext_ln1118_882 = sext i13 %trunc_ln708_1275 to i14" [firmware/nnet_utils/nnet_mult.h:77->firmware/nnet_utils/nnet_dense_latency.h:96->firmware/nnet_utils/nnet_conv_stream.h:277->firmware/nnet_utils/nnet_conv2d_stream.h:85->firmware/nnet_utils/nnet_conv2d_stream.h:103]   --->   Operation 125 'sext' 'sext_ln1118_882' <Predicate = (and_ln272_2)> <Delay = 0.00>
ST_4 : Operation 126 [1/1] (1.94ns)   --->   "%mul_ln1118_967 = mul i26 %sext_ln1118_879, 401" [firmware/nnet_utils/nnet_mult.h:77->firmware/nnet_utils/nnet_dense_latency.h:96->firmware/nnet_utils/nnet_conv_stream.h:277->firmware/nnet_utils/nnet_conv2d_stream.h:85->firmware/nnet_utils/nnet_conv2d_stream.h:103]   --->   Operation 126 'mul' 'mul_ln1118_967' <Predicate = (and_ln272_2)> <Delay = 1.94> <Core = "Mul">   --->   Core 16 'Mul' <Latency = 0> <II = 1> <Delay = 1.94> <FuncUnit> <Opcode : 'mul'> <InPorts = 2> <OutPorts = 1>
ST_4 : Operation 127 [1/1] (0.00ns)   --->   "%trunc_ln708_1258 = call i16 @_ssdm_op_PartSelect.i16.i26.i32.i32(i26 %mul_ln1118_967, i32 10, i32 25)" [firmware/nnet_utils/nnet_mult.h:77->firmware/nnet_utils/nnet_dense_latency.h:96->firmware/nnet_utils/nnet_conv_stream.h:277->firmware/nnet_utils/nnet_conv2d_stream.h:85->firmware/nnet_utils/nnet_conv2d_stream.h:103]   --->   Operation 127 'partselect' 'trunc_ln708_1258' <Predicate = (and_ln272_2)> <Delay = 0.00>
ST_4 : Operation 128 [1/1] (0.00ns)   --->   "%sext_ln1118_883 = sext i16 %kernel_data_V_7_ret to i25" [firmware/nnet_utils/nnet_mult.h:77->firmware/nnet_utils/nnet_dense_latency.h:96->firmware/nnet_utils/nnet_conv_stream.h:277->firmware/nnet_utils/nnet_conv2d_stream.h:85->firmware/nnet_utils/nnet_conv2d_stream.h:103]   --->   Operation 128 'sext' 'sext_ln1118_883' <Predicate = (and_ln272_2)> <Delay = 0.00>
ST_4 : Operation 129 [1/1] (1.94ns)   --->   "%mul_ln1118_968 = mul i25 %sext_ln1118_883, -162" [firmware/nnet_utils/nnet_mult.h:77->firmware/nnet_utils/nnet_dense_latency.h:96->firmware/nnet_utils/nnet_conv_stream.h:277->firmware/nnet_utils/nnet_conv2d_stream.h:85->firmware/nnet_utils/nnet_conv2d_stream.h:103]   --->   Operation 129 'mul' 'mul_ln1118_968' <Predicate = (and_ln272_2)> <Delay = 1.94> <Core = "Mul">   --->   Core 16 'Mul' <Latency = 0> <II = 1> <Delay = 1.94> <FuncUnit> <Opcode : 'mul'> <InPorts = 2> <OutPorts = 1>
ST_4 : Operation 130 [1/1] (0.00ns)   --->   "%trunc_ln708_1276 = call i15 @_ssdm_op_PartSelect.i15.i25.i32.i32(i25 %mul_ln1118_968, i32 10, i32 24)" [firmware/nnet_utils/nnet_mult.h:77->firmware/nnet_utils/nnet_dense_latency.h:96->firmware/nnet_utils/nnet_conv_stream.h:277->firmware/nnet_utils/nnet_conv2d_stream.h:85->firmware/nnet_utils/nnet_conv2d_stream.h:103]   --->   Operation 130 'partselect' 'trunc_ln708_1276' <Predicate = (and_ln272_2)> <Delay = 0.00>
ST_4 : Operation 131 [1/1] (0.00ns)   --->   "%sext_ln708_438 = sext i15 %trunc_ln708_1276 to i16" [firmware/nnet_utils/nnet_mult.h:77->firmware/nnet_utils/nnet_dense_latency.h:96->firmware/nnet_utils/nnet_conv_stream.h:277->firmware/nnet_utils/nnet_conv2d_stream.h:85->firmware/nnet_utils/nnet_conv2d_stream.h:103]   --->   Operation 131 'sext' 'sext_ln708_438' <Predicate = (and_ln272_2)> <Delay = 0.00>
ST_4 : Operation 132 [1/1] (0.00ns)   --->   "%shl_ln1118_373 = call i25 @_ssdm_op_BitConcatenate.i25.i16.i9(i16 %kernel_data_V_7_ret, i9 0)" [firmware/nnet_utils/nnet_mult.h:77->firmware/nnet_utils/nnet_dense_latency.h:96->firmware/nnet_utils/nnet_conv_stream.h:277->firmware/nnet_utils/nnet_conv2d_stream.h:85->firmware/nnet_utils/nnet_conv2d_stream.h:103]   --->   Operation 132 'bitconcatenate' 'shl_ln1118_373' <Predicate = (and_ln272_2)> <Delay = 0.00>
ST_4 : Operation 133 [1/1] (0.00ns)   --->   "%sext_ln1118_884 = sext i25 %shl_ln1118_373 to i26" [firmware/nnet_utils/nnet_mult.h:77->firmware/nnet_utils/nnet_dense_latency.h:96->firmware/nnet_utils/nnet_conv_stream.h:277->firmware/nnet_utils/nnet_conv2d_stream.h:85->firmware/nnet_utils/nnet_conv2d_stream.h:103]   --->   Operation 133 'sext' 'sext_ln1118_884' <Predicate = (and_ln272_2)> <Delay = 0.00>
ST_4 : Operation 134 [1/1] (0.00ns)   --->   "%shl_ln1118_374 = call i22 @_ssdm_op_BitConcatenate.i22.i16.i6(i16 %kernel_data_V_7_ret, i6 0)" [firmware/nnet_utils/nnet_mult.h:77->firmware/nnet_utils/nnet_dense_latency.h:96->firmware/nnet_utils/nnet_conv_stream.h:277->firmware/nnet_utils/nnet_conv2d_stream.h:85->firmware/nnet_utils/nnet_conv2d_stream.h:103]   --->   Operation 134 'bitconcatenate' 'shl_ln1118_374' <Predicate = (and_ln272_2)> <Delay = 0.00>
ST_4 : Operation 135 [1/1] (0.00ns)   --->   "%sext_ln1118_885 = sext i22 %shl_ln1118_374 to i26" [firmware/nnet_utils/nnet_mult.h:77->firmware/nnet_utils/nnet_dense_latency.h:96->firmware/nnet_utils/nnet_conv_stream.h:277->firmware/nnet_utils/nnet_conv2d_stream.h:85->firmware/nnet_utils/nnet_conv2d_stream.h:103]   --->   Operation 135 'sext' 'sext_ln1118_885' <Predicate = (and_ln272_2)> <Delay = 0.00>
ST_4 : Operation 136 [1/1] (0.62ns)   --->   "%sub_ln1118_279 = sub i26 %sext_ln1118_885, %sext_ln1118_884" [firmware/nnet_utils/nnet_mult.h:77->firmware/nnet_utils/nnet_dense_latency.h:96->firmware/nnet_utils/nnet_conv_stream.h:277->firmware/nnet_utils/nnet_conv2d_stream.h:85->firmware/nnet_utils/nnet_conv2d_stream.h:103]   --->   Operation 136 'sub' 'sub_ln1118_279' <Predicate = (and_ln272_2)> <Delay = 0.62> <Core = "AddSub">   --->   Core 14 'AddSub' <Latency = 0> <II = 1> <Delay = 0.66> <FuncUnit> <Opcode : 'add' 'sub'> <InPorts = 2> <OutPorts = 1>
ST_4 : Operation 137 [1/1] (0.00ns)   --->   "%trunc_ln708_1260 = call i16 @_ssdm_op_PartSelect.i16.i26.i32.i32(i26 %sub_ln1118_279, i32 10, i32 25)" [firmware/nnet_utils/nnet_mult.h:77->firmware/nnet_utils/nnet_dense_latency.h:96->firmware/nnet_utils/nnet_conv_stream.h:277->firmware/nnet_utils/nnet_conv2d_stream.h:85->firmware/nnet_utils/nnet_conv2d_stream.h:103]   --->   Operation 137 'partselect' 'trunc_ln708_1260' <Predicate = (and_ln272_2)> <Delay = 0.00>
ST_4 : Operation 138 [1/1] (0.00ns)   --->   "%sext_ln1118_886 = sext i16 %kernel_data_V_8_ret to i25" [firmware/nnet_utils/nnet_mult.h:77->firmware/nnet_utils/nnet_dense_latency.h:96->firmware/nnet_utils/nnet_conv_stream.h:277->firmware/nnet_utils/nnet_conv2d_stream.h:85->firmware/nnet_utils/nnet_conv2d_stream.h:103]   --->   Operation 138 'sext' 'sext_ln1118_886' <Predicate = (and_ln272_2)> <Delay = 0.00>
ST_4 : Operation 139 [1/1] (0.00ns)   --->   "%sext_ln1118_887 = sext i16 %kernel_data_V_8_ret to i26" [firmware/nnet_utils/nnet_mult.h:77->firmware/nnet_utils/nnet_dense_latency.h:96->firmware/nnet_utils/nnet_conv_stream.h:277->firmware/nnet_utils/nnet_conv2d_stream.h:85->firmware/nnet_utils/nnet_conv2d_stream.h:103]   --->   Operation 139 'sext' 'sext_ln1118_887' <Predicate = (and_ln272_2)> <Delay = 0.00>
ST_4 : Operation 140 [1/1] (1.94ns)   --->   "%mul_ln1118_969 = mul i26 %sext_ln1118_887, -336" [firmware/nnet_utils/nnet_mult.h:77->firmware/nnet_utils/nnet_dense_latency.h:96->firmware/nnet_utils/nnet_conv_stream.h:277->firmware/nnet_utils/nnet_conv2d_stream.h:85->firmware/nnet_utils/nnet_conv2d_stream.h:103]   --->   Operation 140 'mul' 'mul_ln1118_969' <Predicate = (and_ln272_2)> <Delay = 1.94> <Core = "Mul">   --->   Core 16 'Mul' <Latency = 0> <II = 1> <Delay = 1.94> <FuncUnit> <Opcode : 'mul'> <InPorts = 2> <OutPorts = 1>
ST_4 : Operation 141 [1/1] (0.00ns)   --->   "%trunc_ln708_1261 = call i16 @_ssdm_op_PartSelect.i16.i26.i32.i32(i26 %mul_ln1118_969, i32 10, i32 25)" [firmware/nnet_utils/nnet_mult.h:77->firmware/nnet_utils/nnet_dense_latency.h:96->firmware/nnet_utils/nnet_conv_stream.h:277->firmware/nnet_utils/nnet_conv2d_stream.h:85->firmware/nnet_utils/nnet_conv2d_stream.h:103]   --->   Operation 141 'partselect' 'trunc_ln708_1261' <Predicate = (and_ln272_2)> <Delay = 0.00>
ST_4 : Operation 142 [1/1] (1.94ns)   --->   "%mul_ln1118_970 = mul i25 %sext_ln1118_886, 165" [firmware/nnet_utils/nnet_mult.h:77->firmware/nnet_utils/nnet_dense_latency.h:96->firmware/nnet_utils/nnet_conv_stream.h:277->firmware/nnet_utils/nnet_conv2d_stream.h:85->firmware/nnet_utils/nnet_conv2d_stream.h:103]   --->   Operation 142 'mul' 'mul_ln1118_970' <Predicate = (and_ln272_2)> <Delay = 1.94> <Core = "Mul">   --->   Core 16 'Mul' <Latency = 0> <II = 1> <Delay = 1.94> <FuncUnit> <Opcode : 'mul'> <InPorts = 2> <OutPorts = 1>
ST_4 : Operation 143 [1/1] (0.00ns)   --->   "%trunc_ln708_1277 = call i15 @_ssdm_op_PartSelect.i15.i25.i32.i32(i25 %mul_ln1118_970, i32 10, i32 24)" [firmware/nnet_utils/nnet_mult.h:77->firmware/nnet_utils/nnet_dense_latency.h:96->firmware/nnet_utils/nnet_conv_stream.h:277->firmware/nnet_utils/nnet_conv2d_stream.h:85->firmware/nnet_utils/nnet_conv2d_stream.h:103]   --->   Operation 143 'partselect' 'trunc_ln708_1277' <Predicate = (and_ln272_2)> <Delay = 0.00>
ST_4 : Operation 144 [1/1] (0.00ns)   --->   "%sext_ln708_439 = sext i15 %trunc_ln708_1277 to i16" [firmware/nnet_utils/nnet_mult.h:77->firmware/nnet_utils/nnet_dense_latency.h:96->firmware/nnet_utils/nnet_conv_stream.h:277->firmware/nnet_utils/nnet_conv2d_stream.h:85->firmware/nnet_utils/nnet_conv2d_stream.h:103]   --->   Operation 144 'sext' 'sext_ln708_439' <Predicate = (and_ln272_2)> <Delay = 0.00>
ST_4 : Operation 145 [1/1] (0.60ns)   --->   "%add_ln703 = add i16 %trunc_ln708_1247, %trunc_ln" [firmware/nnet_utils/nnet_dense_latency.h:115->firmware/nnet_utils/nnet_conv_stream.h:277->firmware/nnet_utils/nnet_conv2d_stream.h:85->firmware/nnet_utils/nnet_conv2d_stream.h:103]   --->   Operation 145 'add' 'add_ln703' <Predicate = (and_ln272_2)> <Delay = 0.60> <Core = "AddSub">   --->   Core 14 'AddSub' <Latency = 0> <II = 1> <Delay = 0.66> <FuncUnit> <Opcode : 'add' 'sub'> <InPorts = 2> <OutPorts = 1>
ST_4 : Operation 146 [1/1] (0.60ns)   --->   "%add_ln703_1286 = add i16 %trunc_ln708_1261, %trunc_ln708_1255" [firmware/nnet_utils/nnet_dense_latency.h:115->firmware/nnet_utils/nnet_conv_stream.h:277->firmware/nnet_utils/nnet_conv2d_stream.h:85->firmware/nnet_utils/nnet_conv2d_stream.h:103]   --->   Operation 146 'add' 'add_ln703_1286' <Predicate = (and_ln272_2)> <Delay = 0.60> <Core = "AddSub">   --->   Core 14 'AddSub' <Latency = 0> <II = 1> <Delay = 0.66> <FuncUnit> <Opcode : 'add' 'sub'> <InPorts = 2> <OutPorts = 1>
ST_4 : Operation 147 [1/1] (0.00ns) (grouped into TernaryAdder)   --->   "%add_ln703_1287 = add i16 %trunc_ln708_1249, %add_ln703_1286" [firmware/nnet_utils/nnet_dense_latency.h:115->firmware/nnet_utils/nnet_conv_stream.h:277->firmware/nnet_utils/nnet_conv2d_stream.h:85->firmware/nnet_utils/nnet_conv2d_stream.h:103]   --->   Operation 147 'add' 'add_ln703_1287' <Predicate = (and_ln272_2)> <Delay = 0.00> <Core = "TAddSub">   --->   Core 83 'TAddSub' <Latency = 0> <II = 1> <Delay = 0.33> <IPBlock> <Opcode : 'add' 'sub'> <InPorts = 3> <OutPorts = 1> <Sync> <CReg>
ST_4 : Operation 148 [1/1] (0.67ns) (root node of TernaryAdder)   --->   "%add_ln703_1288 = add i16 %add_ln703, %add_ln703_1287" [firmware/nnet_utils/nnet_dense_latency.h:115->firmware/nnet_utils/nnet_conv_stream.h:277->firmware/nnet_utils/nnet_conv2d_stream.h:85->firmware/nnet_utils/nnet_conv2d_stream.h:103]   --->   Operation 148 'add' 'add_ln703_1288' <Predicate = (and_ln272_2)> <Delay = 0.67> <Core = "TAddSub">   --->   Core 83 'TAddSub' <Latency = 0> <II = 1> <Delay = 0.33> <IPBlock> <Opcode : 'add' 'sub'> <InPorts = 3> <OutPorts = 1> <Sync> <CReg>
ST_4 : Operation 149 [1/1] (0.58ns)   --->   "%add_ln703_1289 = add i16 %sext_ln708_438, %sext_ln708" [firmware/nnet_utils/nnet_dense_latency.h:115->firmware/nnet_utils/nnet_conv_stream.h:277->firmware/nnet_utils/nnet_conv2d_stream.h:85->firmware/nnet_utils/nnet_conv2d_stream.h:103]   --->   Operation 149 'add' 'add_ln703_1289' <Predicate = (and_ln272_2)> <Delay = 0.58> <Core = "AddSub">   --->   Core 14 'AddSub' <Latency = 0> <II = 1> <Delay = 0.66> <FuncUnit> <Opcode : 'add' 'sub'> <InPorts = 2> <OutPorts = 1>
ST_4 : Operation 150 [1/1] (0.54ns)   --->   "%add_ln703_1290 = add i14 %sext_ln1118_882, 883" [firmware/nnet_utils/nnet_dense_latency.h:115->firmware/nnet_utils/nnet_conv_stream.h:277->firmware/nnet_utils/nnet_conv2d_stream.h:85->firmware/nnet_utils/nnet_conv2d_stream.h:103]   --->   Operation 150 'add' 'add_ln703_1290' <Predicate = (and_ln272_2)> <Delay = 0.54> <Core = "AddSub">   --->   Core 14 'AddSub' <Latency = 0> <II = 1> <Delay = 0.66> <FuncUnit> <Opcode : 'add' 'sub'> <InPorts = 2> <OutPorts = 1>
ST_4 : Operation 151 [1/1] (0.00ns)   --->   "%sext_ln703 = sext i14 %add_ln703_1290 to i15" [firmware/nnet_utils/nnet_dense_latency.h:115->firmware/nnet_utils/nnet_conv_stream.h:277->firmware/nnet_utils/nnet_conv2d_stream.h:85->firmware/nnet_utils/nnet_conv2d_stream.h:103]   --->   Operation 151 'sext' 'sext_ln703' <Predicate = (and_ln272_2)> <Delay = 0.00>
ST_4 : Operation 152 [1/1] (0.55ns)   --->   "%add_ln703_1291 = add i15 %sext_ln1118_872, %sext_ln703" [firmware/nnet_utils/nnet_dense_latency.h:115->firmware/nnet_utils/nnet_conv_stream.h:277->firmware/nnet_utils/nnet_conv2d_stream.h:85->firmware/nnet_utils/nnet_conv2d_stream.h:103]   --->   Operation 152 'add' 'add_ln703_1291' <Predicate = (and_ln272_2)> <Delay = 0.55> <Core = "AddSub">   --->   Core 14 'AddSub' <Latency = 0> <II = 1> <Delay = 0.66> <FuncUnit> <Opcode : 'add' 'sub'> <InPorts = 2> <OutPorts = 1>
ST_4 : Operation 153 [1/1] (0.00ns)   --->   "%sext_ln703_573 = sext i15 %add_ln703_1291 to i16" [firmware/nnet_utils/nnet_dense_latency.h:115->firmware/nnet_utils/nnet_conv_stream.h:277->firmware/nnet_utils/nnet_conv2d_stream.h:85->firmware/nnet_utils/nnet_conv2d_stream.h:103]   --->   Operation 153 'sext' 'sext_ln703_573' <Predicate = (and_ln272_2)> <Delay = 0.00>
ST_4 : Operation 154 [1/1] (0.00ns) (grouped into TernaryAdder)   --->   "%add_ln703_1292 = add i16 %add_ln703_1289, %sext_ln703_573" [firmware/nnet_utils/nnet_dense_latency.h:115->firmware/nnet_utils/nnet_conv_stream.h:277->firmware/nnet_utils/nnet_conv2d_stream.h:85->firmware/nnet_utils/nnet_conv2d_stream.h:103]   --->   Operation 154 'add' 'add_ln703_1292' <Predicate = (and_ln272_2)> <Delay = 0.00> <Core = "TAddSub">   --->   Core 83 'TAddSub' <Latency = 0> <II = 1> <Delay = 0.33> <IPBlock> <Opcode : 'add' 'sub'> <InPorts = 3> <OutPorts = 1> <Sync> <CReg>
ST_4 : Operation 155 [1/1] (0.67ns) (root node of TernaryAdder)   --->   "%res_out_0_V = add i16 %add_ln703_1288, %add_ln703_1292" [firmware/nnet_utils/nnet_dense_latency.h:115->firmware/nnet_utils/nnet_conv_stream.h:277->firmware/nnet_utils/nnet_conv2d_stream.h:85->firmware/nnet_utils/nnet_conv2d_stream.h:103]   --->   Operation 155 'add' 'res_out_0_V' <Predicate = (and_ln272_2)> <Delay = 0.67> <Core = "TAddSub">   --->   Core 83 'TAddSub' <Latency = 0> <II = 1> <Delay = 0.33> <IPBlock> <Opcode : 'add' 'sub'> <InPorts = 3> <OutPorts = 1> <Sync> <CReg>
ST_4 : Operation 156 [1/1] (0.60ns)   --->   "%add_ln703_1294 = add i16 %trunc_ln708_1254, %trunc_ln708_1250" [firmware/nnet_utils/nnet_dense_latency.h:115->firmware/nnet_utils/nnet_conv_stream.h:277->firmware/nnet_utils/nnet_conv2d_stream.h:85->firmware/nnet_utils/nnet_conv2d_stream.h:103]   --->   Operation 156 'add' 'add_ln703_1294' <Predicate = (and_ln272_2)> <Delay = 0.60> <Core = "AddSub">   --->   Core 14 'AddSub' <Latency = 0> <II = 1> <Delay = 0.66> <FuncUnit> <Opcode : 'add' 'sub'> <InPorts = 2> <OutPorts = 1>
ST_4 : Operation 157 [1/1] (0.00ns) (grouped into TernaryAdder)   --->   "%add_ln703_1295 = add i16 %sext_ln708_439, %trunc_ln708_1260" [firmware/nnet_utils/nnet_dense_latency.h:115->firmware/nnet_utils/nnet_conv_stream.h:277->firmware/nnet_utils/nnet_conv2d_stream.h:85->firmware/nnet_utils/nnet_conv2d_stream.h:103]   --->   Operation 157 'add' 'add_ln703_1295' <Predicate = (and_ln272_2)> <Delay = 0.00> <Core = "TAddSub">   --->   Core 83 'TAddSub' <Latency = 0> <II = 1> <Delay = 0.33> <IPBlock> <Opcode : 'add' 'sub'> <InPorts = 3> <OutPorts = 1> <Sync> <CReg>
ST_4 : Operation 158 [1/1] (0.67ns) (root node of TernaryAdder)   --->   "%add_ln703_1296 = add i16 %trunc_ln708_1258, %add_ln703_1295" [firmware/nnet_utils/nnet_dense_latency.h:115->firmware/nnet_utils/nnet_conv_stream.h:277->firmware/nnet_utils/nnet_conv2d_stream.h:85->firmware/nnet_utils/nnet_conv2d_stream.h:103]   --->   Operation 158 'add' 'add_ln703_1296' <Predicate = (and_ln272_2)> <Delay = 0.67> <Core = "TAddSub">   --->   Core 83 'TAddSub' <Latency = 0> <II = 1> <Delay = 0.33> <IPBlock> <Opcode : 'add' 'sub'> <InPorts = 3> <OutPorts = 1> <Sync> <CReg>
ST_4 : Operation 159 [1/1] (0.00ns) (grouped into TernaryAdder)   --->   "%add_ln703_1297 = add i16 %add_ln703_1294, %add_ln703_1296" [firmware/nnet_utils/nnet_dense_latency.h:115->firmware/nnet_utils/nnet_conv_stream.h:277->firmware/nnet_utils/nnet_conv2d_stream.h:85->firmware/nnet_utils/nnet_conv2d_stream.h:103]   --->   Operation 159 'add' 'add_ln703_1297' <Predicate = (and_ln272_2)> <Delay = 0.00> <Core = "TAddSub">   --->   Core 83 'TAddSub' <Latency = 0> <II = 1> <Delay = 0.33> <IPBlock> <Opcode : 'add' 'sub'> <InPorts = 3> <OutPorts = 1> <Sync> <CReg>
ST_4 : Operation 160 [1/1] (0.54ns)   --->   "%add_ln703_1298 = add i14 %sext_ln1118_873, %sext_ln1118_867" [firmware/nnet_utils/nnet_dense_latency.h:115->firmware/nnet_utils/nnet_conv_stream.h:277->firmware/nnet_utils/nnet_conv2d_stream.h:85->firmware/nnet_utils/nnet_conv2d_stream.h:103]   --->   Operation 160 'add' 'add_ln703_1298' <Predicate = (and_ln272_2)> <Delay = 0.54> <Core = "AddSub">   --->   Core 14 'AddSub' <Latency = 0> <II = 1> <Delay = 0.66> <FuncUnit> <Opcode : 'add' 'sub'> <InPorts = 2> <OutPorts = 1>
ST_4 : Operation 161 [1/1] (0.00ns)   --->   "%sext_ln703_574 = sext i14 %add_ln703_1298 to i15" [firmware/nnet_utils/nnet_dense_latency.h:115->firmware/nnet_utils/nnet_conv_stream.h:277->firmware/nnet_utils/nnet_conv2d_stream.h:85->firmware/nnet_utils/nnet_conv2d_stream.h:103]   --->   Operation 161 'sext' 'sext_ln703_574' <Predicate = (and_ln272_2)> <Delay = 0.00>
ST_4 : Operation 162 [1/1] (0.52ns)   --->   "%add_ln703_1299 = add i13 %sext_ln1118_864, -1135" [firmware/nnet_utils/nnet_dense_latency.h:115->firmware/nnet_utils/nnet_conv_stream.h:277->firmware/nnet_utils/nnet_conv2d_stream.h:85->firmware/nnet_utils/nnet_conv2d_stream.h:103]   --->   Operation 162 'add' 'add_ln703_1299' <Predicate = (and_ln272_2)> <Delay = 0.52> <Core = "AddSub">   --->   Core 14 'AddSub' <Latency = 0> <II = 1> <Delay = 0.66> <FuncUnit> <Opcode : 'add' 'sub'> <InPorts = 2> <OutPorts = 1>
ST_4 : Operation 163 [1/1] (0.00ns)   --->   "%sext_ln703_575 = sext i13 %add_ln703_1299 to i14" [firmware/nnet_utils/nnet_dense_latency.h:115->firmware/nnet_utils/nnet_conv_stream.h:277->firmware/nnet_utils/nnet_conv2d_stream.h:85->firmware/nnet_utils/nnet_conv2d_stream.h:103]   --->   Operation 163 'sext' 'sext_ln703_575' <Predicate = (and_ln272_2)> <Delay = 0.00>
ST_4 : Operation 164 [1/1] (0.54ns)   --->   "%add_ln703_1300 = add i14 %sext_ln1118_878, %sext_ln703_575" [firmware/nnet_utils/nnet_dense_latency.h:115->firmware/nnet_utils/nnet_conv_stream.h:277->firmware/nnet_utils/nnet_conv2d_stream.h:85->firmware/nnet_utils/nnet_conv2d_stream.h:103]   --->   Operation 164 'add' 'add_ln703_1300' <Predicate = (and_ln272_2)> <Delay = 0.54> <Core = "AddSub">   --->   Core 14 'AddSub' <Latency = 0> <II = 1> <Delay = 0.66> <FuncUnit> <Opcode : 'add' 'sub'> <InPorts = 2> <OutPorts = 1>
ST_4 : Operation 165 [1/1] (0.00ns)   --->   "%sext_ln703_576 = sext i14 %add_ln703_1300 to i15" [firmware/nnet_utils/nnet_dense_latency.h:115->firmware/nnet_utils/nnet_conv_stream.h:277->firmware/nnet_utils/nnet_conv2d_stream.h:85->firmware/nnet_utils/nnet_conv2d_stream.h:103]   --->   Operation 165 'sext' 'sext_ln703_576' <Predicate = (and_ln272_2)> <Delay = 0.00>
ST_4 : Operation 166 [1/1] (0.55ns)   --->   "%add_ln703_1301 = add i15 %sext_ln703_574, %sext_ln703_576" [firmware/nnet_utils/nnet_dense_latency.h:115->firmware/nnet_utils/nnet_conv_stream.h:277->firmware/nnet_utils/nnet_conv2d_stream.h:85->firmware/nnet_utils/nnet_conv2d_stream.h:103]   --->   Operation 166 'add' 'add_ln703_1301' <Predicate = (and_ln272_2)> <Delay = 0.55> <Core = "AddSub">   --->   Core 14 'AddSub' <Latency = 0> <II = 1> <Delay = 0.66> <FuncUnit> <Opcode : 'add' 'sub'> <InPorts = 2> <OutPorts = 1>
ST_4 : Operation 167 [1/1] (0.00ns)   --->   "%sext_ln703_577 = sext i15 %add_ln703_1301 to i16" [firmware/nnet_utils/nnet_dense_latency.h:115->firmware/nnet_utils/nnet_conv_stream.h:277->firmware/nnet_utils/nnet_conv2d_stream.h:85->firmware/nnet_utils/nnet_conv2d_stream.h:103]   --->   Operation 167 'sext' 'sext_ln703_577' <Predicate = (and_ln272_2)> <Delay = 0.00>
ST_4 : Operation 168 [1/1] (0.67ns) (root node of TernaryAdder)   --->   "%acc_1_V = add i16 %add_ln703_1297, %sext_ln703_577" [firmware/nnet_utils/nnet_dense_latency.h:115->firmware/nnet_utils/nnet_conv_stream.h:277->firmware/nnet_utils/nnet_conv2d_stream.h:85->firmware/nnet_utils/nnet_conv2d_stream.h:103]   --->   Operation 168 'add' 'acc_1_V' <Predicate = (and_ln272_2)> <Delay = 0.67> <Core = "TAddSub">   --->   Core 83 'TAddSub' <Latency = 0> <II = 1> <Delay = 0.33> <IPBlock> <Opcode : 'add' 'sub'> <InPorts = 3> <OutPorts = 1> <Sync> <CReg>
ST_4 : Operation 169 [1/1] (0.00ns)   --->   "%pX_loc_1_load_1 = load i32* %pX_loc_1" [firmware/nnet_utils/nnet_conv_stream.h:293->firmware/nnet_utils/nnet_conv2d_stream.h:85->firmware/nnet_utils/nnet_conv2d_stream.h:103]   --->   Operation 169 'load' 'pX_loc_1_load_1' <Predicate = true> <Delay = 0.00>
ST_4 : Operation 170 [1/1] (0.85ns)   --->   "%icmp_ln293 = icmp eq i32 %pX_loc_1_load_1, 9" [firmware/nnet_utils/nnet_conv_stream.h:293->firmware/nnet_utils/nnet_conv2d_stream.h:85->firmware/nnet_utils/nnet_conv2d_stream.h:103]   --->   Operation 170 'icmp' 'icmp_ln293' <Predicate = true> <Delay = 0.85> <Core = "Cmp">   --->   Core 25 'Cmp' <Latency = 0> <II = 1> <Delay = 0.85> <FuncUnit> <Opcode : 'icmp'> <InPorts = 2> <OutPorts = 1>
ST_4 : Operation 171 [1/1] (0.00ns)   --->   "br i1 %icmp_ln293, label %0, label %4" [firmware/nnet_utils/nnet_conv_stream.h:293->firmware/nnet_utils/nnet_conv2d_stream.h:85->firmware/nnet_utils/nnet_conv2d_stream.h:103]   --->   Operation 171 'br' <Predicate = true> <Delay = 0.00>
ST_4 : Operation 172 [1/1] (0.00ns)   --->   "%sX_loc_1_load = load i32* %sX_loc_1" [firmware/nnet_utils/nnet_conv_stream.h:308->firmware/nnet_utils/nnet_conv2d_stream.h:85->firmware/nnet_utils/nnet_conv2d_stream.h:103]   --->   Operation 172 'load' 'sX_loc_1_load' <Predicate = (!icmp_ln293)> <Delay = 0.00>
ST_4 : Operation 173 [1/1] (0.66ns)   --->   "%add_ln306 = add nsw i32 %pX_loc_1_load_1, 1" [firmware/nnet_utils/nnet_conv_stream.h:306->firmware/nnet_utils/nnet_conv2d_stream.h:85->firmware/nnet_utils/nnet_conv2d_stream.h:103]   --->   Operation 173 'add' 'add_ln306' <Predicate = (!icmp_ln293)> <Delay = 0.66> <Core = "AddSub">   --->   Core 14 'AddSub' <Latency = 0> <II = 1> <Delay = 0.66> <FuncUnit> <Opcode : 'add' 'sub'> <InPorts = 2> <OutPorts = 1>
ST_4 : Operation 174 [1/1] (0.60ns)   --->   "store i32 %add_ln306, i32* @pX, align 4" [firmware/nnet_utils/nnet_conv_stream.h:306->firmware/nnet_utils/nnet_conv2d_stream.h:85->firmware/nnet_utils/nnet_conv2d_stream.h:103]   --->   Operation 174 'store' <Predicate = (!icmp_ln293)> <Delay = 0.60>
ST_4 : Operation 175 [1/1] (0.66ns)   --->   "%add_ln308 = add i32 %sX_loc_1_load, 1" [firmware/nnet_utils/nnet_conv_stream.h:308->firmware/nnet_utils/nnet_conv2d_stream.h:85->firmware/nnet_utils/nnet_conv2d_stream.h:103]   --->   Operation 175 'add' 'add_ln308' <Predicate = (!icmp_ln293)> <Delay = 0.66> <Core = "AddSub">   --->   Core 14 'AddSub' <Latency = 0> <II = 1> <Delay = 0.66> <FuncUnit> <Opcode : 'add' 'sub'> <InPorts = 2> <OutPorts = 1>
ST_4 : Operation 176 [1/1] (0.22ns)   --->   "%select_ln308 = select i1 %icmp_ln272, i32 2, i32 %add_ln308" [firmware/nnet_utils/nnet_conv_stream.h:308->firmware/nnet_utils/nnet_conv2d_stream.h:85->firmware/nnet_utils/nnet_conv2d_stream.h:103]   --->   Operation 176 'select' 'select_ln308' <Predicate = (!icmp_ln293)> <Delay = 0.22> <Core = "Sel">   --->   Core 26 'Sel' <Latency = 0> <II = 1> <Delay = 0.22> <FuncUnit> <Opcode : 'select'> <InPorts = 3> <OutPorts = 1>
ST_4 : Operation 177 [1/1] (0.60ns)   --->   "store i32 %select_ln308, i32* @sX, align 4" [firmware/nnet_utils/nnet_conv_stream.h:308->firmware/nnet_utils/nnet_conv2d_stream.h:85->firmware/nnet_utils/nnet_conv2d_stream.h:103]   --->   Operation 177 'store' <Predicate = (!icmp_ln293)> <Delay = 0.60>
ST_4 : Operation 178 [1/1] (0.61ns)   --->   "store i32 %select_ln308, i32* %sX_loc_1" [firmware/nnet_utils/nnet_conv_stream.h:308->firmware/nnet_utils/nnet_conv2d_stream.h:85->firmware/nnet_utils/nnet_conv2d_stream.h:103]   --->   Operation 178 'store' <Predicate = (!icmp_ln293)> <Delay = 0.61>
ST_4 : Operation 179 [1/1] (0.61ns)   --->   "store i32 %add_ln306, i32* %pX_loc_1" [firmware/nnet_utils/nnet_conv_stream.h:306->firmware/nnet_utils/nnet_conv2d_stream.h:85->firmware/nnet_utils/nnet_conv2d_stream.h:103]   --->   Operation 179 'store' <Predicate = (!icmp_ln293)> <Delay = 0.61>
ST_4 : Operation 180 [1/1] (0.00ns)   --->   "br label %"compute_output_buffer_2d<array<ap_fixed<16, 6, 5, 3, 0>, 1u>, array<ap_fixed<16, 6, 5, 3, 0>, 2u>, config2>.exit.i.backedge""   --->   Operation 180 'br' <Predicate = (!icmp_ln293)> <Delay = 0.00>
ST_4 : Operation 181 [1/1] (0.00ns)   --->   "%pY_loc_1_load_1 = load i32* %pY_loc_1" [firmware/nnet_utils/nnet_conv_stream.h:297->firmware/nnet_utils/nnet_conv2d_stream.h:85->firmware/nnet_utils/nnet_conv2d_stream.h:103]   --->   Operation 181 'load' 'pY_loc_1_load_1' <Predicate = (icmp_ln293)> <Delay = 0.00>
ST_4 : Operation 182 [1/1] (0.60ns)   --->   "store i32 0, i32* @pX, align 4" [firmware/nnet_utils/nnet_conv_stream.h:295->firmware/nnet_utils/nnet_conv2d_stream.h:85->firmware/nnet_utils/nnet_conv2d_stream.h:103]   --->   Operation 182 'store' <Predicate = (icmp_ln293)> <Delay = 0.60>
ST_4 : Operation 183 [1/1] (0.60ns)   --->   "store i32 0, i32* @sX, align 4" [firmware/nnet_utils/nnet_conv_stream.h:296->firmware/nnet_utils/nnet_conv2d_stream.h:85->firmware/nnet_utils/nnet_conv2d_stream.h:103]   --->   Operation 183 'store' <Predicate = (icmp_ln293)> <Delay = 0.60>
ST_4 : Operation 184 [1/1] (0.85ns)   --->   "%icmp_ln297 = icmp eq i32 %pY_loc_1_load_1, 9" [firmware/nnet_utils/nnet_conv_stream.h:297->firmware/nnet_utils/nnet_conv2d_stream.h:85->firmware/nnet_utils/nnet_conv2d_stream.h:103]   --->   Operation 184 'icmp' 'icmp_ln297' <Predicate = (icmp_ln293)> <Delay = 0.85> <Core = "Cmp">   --->   Core 25 'Cmp' <Latency = 0> <II = 1> <Delay = 0.85> <FuncUnit> <Opcode : 'icmp'> <InPorts = 2> <OutPorts = 1>
ST_4 : Operation 185 [1/1] (0.00ns)   --->   "br i1 %icmp_ln297, label %1, label %2" [firmware/nnet_utils/nnet_conv_stream.h:297->firmware/nnet_utils/nnet_conv2d_stream.h:85->firmware/nnet_utils/nnet_conv2d_stream.h:103]   --->   Operation 185 'br' <Predicate = (icmp_ln293)> <Delay = 0.00>
ST_4 : Operation 186 [1/1] (0.00ns)   --->   "%sY_loc_1_load = load i32* %sY_loc_1" [firmware/nnet_utils/nnet_conv_stream.h:303->firmware/nnet_utils/nnet_conv2d_stream.h:85->firmware/nnet_utils/nnet_conv2d_stream.h:103]   --->   Operation 186 'load' 'sY_loc_1_load' <Predicate = (icmp_ln293 & !icmp_ln297)> <Delay = 0.00>
ST_4 : Operation 187 [1/1] (0.66ns)   --->   "%add_ln301 = add nsw i32 %pY_loc_1_load_1, 1" [firmware/nnet_utils/nnet_conv_stream.h:301->firmware/nnet_utils/nnet_conv2d_stream.h:85->firmware/nnet_utils/nnet_conv2d_stream.h:103]   --->   Operation 187 'add' 'add_ln301' <Predicate = (icmp_ln293 & !icmp_ln297)> <Delay = 0.66> <Core = "AddSub">   --->   Core 14 'AddSub' <Latency = 0> <II = 1> <Delay = 0.66> <FuncUnit> <Opcode : 'add' 'sub'> <InPorts = 2> <OutPorts = 1>
ST_4 : Operation 188 [1/1] (0.60ns)   --->   "store i32 %add_ln301, i32* @pY, align 4" [firmware/nnet_utils/nnet_conv_stream.h:301->firmware/nnet_utils/nnet_conv2d_stream.h:85->firmware/nnet_utils/nnet_conv2d_stream.h:103]   --->   Operation 188 'store' <Predicate = (icmp_ln293 & !icmp_ln297)> <Delay = 0.60>
ST_4 : Operation 189 [1/1] (0.66ns)   --->   "%add_ln303 = add i32 %sY_loc_1_load, 1" [firmware/nnet_utils/nnet_conv_stream.h:303->firmware/nnet_utils/nnet_conv2d_stream.h:85->firmware/nnet_utils/nnet_conv2d_stream.h:103]   --->   Operation 189 'add' 'add_ln303' <Predicate = (icmp_ln293 & !icmp_ln297)> <Delay = 0.66> <Core = "AddSub">   --->   Core 14 'AddSub' <Latency = 0> <II = 1> <Delay = 0.66> <FuncUnit> <Opcode : 'add' 'sub'> <InPorts = 2> <OutPorts = 1>
ST_4 : Operation 190 [1/1] (0.22ns)   --->   "%select_ln303 = select i1 %icmp_ln272_1, i32 2, i32 %add_ln303" [firmware/nnet_utils/nnet_conv_stream.h:303->firmware/nnet_utils/nnet_conv2d_stream.h:85->firmware/nnet_utils/nnet_conv2d_stream.h:103]   --->   Operation 190 'select' 'select_ln303' <Predicate = (icmp_ln293 & !icmp_ln297)> <Delay = 0.22> <Core = "Sel">   --->   Core 26 'Sel' <Latency = 0> <II = 1> <Delay = 0.22> <FuncUnit> <Opcode : 'select'> <InPorts = 3> <OutPorts = 1>
ST_4 : Operation 191 [1/1] (0.61ns)   --->   "store i32 %select_ln303, i32* %sY_loc_1" [firmware/nnet_utils/nnet_conv_stream.h:303->firmware/nnet_utils/nnet_conv2d_stream.h:85->firmware/nnet_utils/nnet_conv2d_stream.h:103]   --->   Operation 191 'store' <Predicate = (icmp_ln293 & !icmp_ln297)> <Delay = 0.61>
ST_4 : Operation 192 [1/1] (0.61ns)   --->   "store i32 %add_ln301, i32* %pY_loc_1" [firmware/nnet_utils/nnet_conv_stream.h:301->firmware/nnet_utils/nnet_conv2d_stream.h:85->firmware/nnet_utils/nnet_conv2d_stream.h:103]   --->   Operation 192 'store' <Predicate = (icmp_ln293 & !icmp_ln297)> <Delay = 0.61>
ST_4 : Operation 193 [1/1] (0.00ns)   --->   "br label %3"   --->   Operation 193 'br' <Predicate = (icmp_ln293 & !icmp_ln297)> <Delay = 0.00>
ST_4 : Operation 194 [1/1] (0.60ns)   --->   "store i32 0, i32* @pY, align 4" [firmware/nnet_utils/nnet_conv_stream.h:298->firmware/nnet_utils/nnet_conv2d_stream.h:85->firmware/nnet_utils/nnet_conv2d_stream.h:103]   --->   Operation 194 'store' <Predicate = (icmp_ln293 & icmp_ln297)> <Delay = 0.60>
ST_4 : Operation 195 [1/1] (0.61ns)   --->   "store i32 0, i32* %sY_loc_1" [firmware/nnet_utils/nnet_conv_stream.h:300->firmware/nnet_utils/nnet_conv2d_stream.h:85->firmware/nnet_utils/nnet_conv2d_stream.h:103]   --->   Operation 195 'store' <Predicate = (icmp_ln293 & icmp_ln297)> <Delay = 0.61>
ST_4 : Operation 196 [1/1] (0.61ns)   --->   "store i32 0, i32* %pY_loc_1" [firmware/nnet_utils/nnet_conv_stream.h:300->firmware/nnet_utils/nnet_conv2d_stream.h:85->firmware/nnet_utils/nnet_conv2d_stream.h:103]   --->   Operation 196 'store' <Predicate = (icmp_ln293 & icmp_ln297)> <Delay = 0.61>
ST_4 : Operation 197 [1/1] (0.00ns)   --->   "br label %3" [firmware/nnet_utils/nnet_conv_stream.h:300->firmware/nnet_utils/nnet_conv2d_stream.h:85->firmware/nnet_utils/nnet_conv2d_stream.h:103]   --->   Operation 197 'br' <Predicate = (icmp_ln293 & icmp_ln297)> <Delay = 0.00>
ST_4 : Operation 198 [1/1] (0.61ns)   --->   "store i32 0, i32* %sX_loc_1" [firmware/nnet_utils/nnet_conv_stream.h:305->firmware/nnet_utils/nnet_conv2d_stream.h:85->firmware/nnet_utils/nnet_conv2d_stream.h:103]   --->   Operation 198 'store' <Predicate = (icmp_ln293)> <Delay = 0.61>
ST_4 : Operation 199 [1/1] (0.61ns)   --->   "store i32 0, i32* %pX_loc_1" [firmware/nnet_utils/nnet_conv_stream.h:305->firmware/nnet_utils/nnet_conv2d_stream.h:85->firmware/nnet_utils/nnet_conv2d_stream.h:103]   --->   Operation 199 'store' <Predicate = (icmp_ln293)> <Delay = 0.61>

State 5 <SV = 4> <Delay = 1.45>
ST_5 : Operation 200 [1/1] (0.00ns)   --->   "call void (...)* @_ssdm_op_SpecLoopName([31 x i8]* @ReadInputHeight_ReadInputWidth_str)"   --->   Operation 200 'specloopname' <Predicate = (!icmp_ln78)> <Delay = 0.00>
ST_5 : Operation 201 [1/1] (0.00ns)   --->   "%empty_64 = call i32 (...)* @_ssdm_op_SpecLoopTripCount(i64 100, i64 100, i64 100)"   --->   Operation 201 'speclooptripcount' 'empty_64' <Predicate = (!icmp_ln78)> <Delay = 0.00>
ST_5 : Operation 202 [1/1] (0.00ns)   --->   "call void (...)* @_ssdm_op_SpecLoopName([15 x i8]* @p_str35) nounwind" [firmware/nnet_utils/nnet_conv2d_stream.h:79->firmware/nnet_utils/nnet_conv2d_stream.h:103]   --->   Operation 202 'specloopname' <Predicate = (!icmp_ln78)> <Delay = 0.00>
ST_5 : Operation 203 [1/1] (0.00ns)   --->   "%tmp_s = call i32 (...)* @_ssdm_op_SpecRegionBegin([12 x i8]* @p_str36)" [firmware/nnet_utils/nnet_conv2d_stream.h:81->firmware/nnet_utils/nnet_conv2d_stream.h:103]   --->   Operation 203 'specregionbegin' 'tmp_s' <Predicate = (!icmp_ln78)> <Delay = 0.00>
ST_5 : Operation 204 [1/1] (0.00ns)   --->   "call void (...)* @_ssdm_op_SpecPipeline(i32 1, i32 1, i32 1, i32 0, [1 x i8]* @p_str7) nounwind" [firmware/nnet_utils/nnet_conv2d_stream.h:82->firmware/nnet_utils/nnet_conv2d_stream.h:103]   --->   Operation 204 'specpipeline' <Predicate = (!icmp_ln78)> <Delay = 0.00>
ST_5 : Operation 205 [1/1] (0.00ns)   --->   "%empty_65 = call i32 (...)* @_ssdm_op_SpecRegionEnd([12 x i8]* @p_str36, i32 %tmp_s)" [firmware/nnet_utils/nnet_conv2d_stream.h:83->firmware/nnet_utils/nnet_conv2d_stream.h:103]   --->   Operation 205 'specregionend' 'empty_65' <Predicate = (!icmp_ln78)> <Delay = 0.00>
ST_5 : Operation 206 [1/1] (0.00ns)   --->   "%tmp_11 = call i32 (...)* @_ssdm_op_SpecRegionBegin([12 x i8]* @p_str39)" [firmware/nnet_utils/nnet_dense_latency.h:45->firmware/nnet_utils/nnet_conv_stream.h:277->firmware/nnet_utils/nnet_conv2d_stream.h:85->firmware/nnet_utils/nnet_conv2d_stream.h:103]   --->   Operation 206 'specregionbegin' 'tmp_11' <Predicate = (and_ln272_2)> <Delay = 0.00>
ST_5 : Operation 207 [1/1] (0.00ns)   --->   "call void (...)* @_ssdm_op_SpecResourceLimit(i32 18, [4 x i8]* @p_str18, [1 x i8]* @p_str7, [1 x i8]* @p_str7, [1 x i8]* @p_str7) nounwind" [firmware/nnet_utils/nnet_mult.h:81->firmware/nnet_utils/nnet_dense_latency.h:57->firmware/nnet_utils/nnet_conv_stream.h:277->firmware/nnet_utils/nnet_conv2d_stream.h:85->firmware/nnet_utils/nnet_conv2d_stream.h:103]   --->   Operation 207 'specresourcelimit' <Predicate = (and_ln272_2)> <Delay = 0.00>
ST_5 : Operation 208 [1/1] (0.00ns)   --->   "%empty = call i32 (...)* @_ssdm_op_SpecRegionEnd([12 x i8]* @p_str39, i32 %tmp_11)" [firmware/nnet_utils/nnet_dense_latency.h:59->firmware/nnet_utils/nnet_conv_stream.h:277->firmware/nnet_utils/nnet_conv2d_stream.h:85->firmware/nnet_utils/nnet_conv2d_stream.h:103]   --->   Operation 208 'specregionend' 'empty' <Predicate = (and_ln272_2)> <Delay = 0.00>
ST_5 : Operation 209 [1/1] (1.45ns)   --->   "call void @_ssdm_op_Write.ap_fifo.volatile.i16P.i16P(i16* %res_V_data_0_V, i16* %res_V_data_1_V, i16 %res_out_0_V, i16 %acc_1_V)" [firmware/nnet_utils/nnet_conv_stream.h:289->firmware/nnet_utils/nnet_conv2d_stream.h:85->firmware/nnet_utils/nnet_conv2d_stream.h:103]   --->   Operation 209 'write' <Predicate = (and_ln272_2)> <Delay = 1.45> <Core = "FIFO">   --->   Core 32 'FIFO' <Latency = 0> <II = 1> <Delay = 1.45> <Storage> <Opcode : 'read' 'write' 'nbread' 'nbwrite'> <Ports = 0> <Width = 16> <Depth = 1> <FIFO>
ST_5 : Operation 210 [1/1] (0.00ns)   --->   "br label %._crit_edge22.i.i" [firmware/nnet_utils/nnet_conv_stream.h:290->firmware/nnet_utils/nnet_conv2d_stream.h:85->firmware/nnet_utils/nnet_conv2d_stream.h:103]   --->   Operation 210 'br' <Predicate = (and_ln272_2)> <Delay = 0.00>
ST_5 : Operation 211 [1/1] (0.00ns)   --->   "%sY_loc_1_load_2 = load i32* %sY_loc_1"   --->   Operation 211 'load' 'sY_loc_1_load_2' <Predicate = (icmp_ln293)> <Delay = 0.00>
ST_5 : Operation 212 [1/1] (0.00ns)   --->   "store i32 %sY_loc_1_load_2, i32* @sY, align 4" [firmware/nnet_utils/nnet_conv_stream.h:299->firmware/nnet_utils/nnet_conv2d_stream.h:85->firmware/nnet_utils/nnet_conv2d_stream.h:103]   --->   Operation 212 'store' <Predicate = (icmp_ln293)> <Delay = 0.00>
ST_5 : Operation 213 [1/1] (0.00ns)   --->   "br label %"compute_output_buffer_2d<array<ap_fixed<16, 6, 5, 3, 0>, 1u>, array<ap_fixed<16, 6, 5, 3, 0>, 2u>, config2>.exit.i.backedge"" [firmware/nnet_utils/nnet_conv_stream.h:305->firmware/nnet_utils/nnet_conv2d_stream.h:85->firmware/nnet_utils/nnet_conv2d_stream.h:103]   --->   Operation 213 'br' <Predicate = (icmp_ln293)> <Delay = 0.00>

State 6 <SV = 2> <Delay = 0.00>
ST_6 : Operation 214 [1/1] (0.00ns)   --->   "ret void" [firmware/nnet_utils/nnet_conv2d_stream.h:109]   --->   Operation 214 'ret' <Predicate = true> <Delay = 0.00>


============================================================
+ Verbose Summary: Timing violations
============================================================
Target clock period: 5ns, clock uncertainty: 0.625ns.

 <State 1>: 0.617ns
The critical path consists of the following:
	'alloca' operation ('pX_loc_1') [19]  (0 ns)
	'store' operation ('store_ln78', firmware/nnet_utils/nnet_conv2d_stream.h:78->firmware/nnet_utils/nnet_conv2d_stream.h:103) of variable 'pX_load', firmware/nnet_utils/nnet_conv_stream.h:272->firmware/nnet_utils/nnet_conv2d_stream.h:85->firmware/nnet_utils/nnet_conv2d_stream.h:103 on local variable 'pX_loc_1' [39]  (0.617 ns)

 <State 2>: 0.6ns
The critical path consists of the following:
	'phi' operation ('indvar_flatten', firmware/nnet_utils/nnet_conv2d_stream.h:78->firmware/nnet_utils/nnet_conv2d_stream.h:103) with incoming values : ('add_ln78', firmware/nnet_utils/nnet_conv2d_stream.h:78->firmware/nnet_utils/nnet_conv2d_stream.h:103) [42]  (0 ns)
	'icmp' operation ('icmp_ln78', firmware/nnet_utils/nnet_conv2d_stream.h:78->firmware/nnet_utils/nnet_conv2d_stream.h:103) [49]  (0.6 ns)

 <State 3>: 2.68ns
The critical path consists of the following:
	fifo read on port 'data_V_data_V' (firmware/nnet_utils/nnet_conv2d_stream.h:85->firmware/nnet_utils/nnet_conv2d_stream.h:103) [63]  (1.46 ns)
	'call' operation ('call_ret', firmware/nnet_utils/nnet_conv_stream.h:269->firmware/nnet_utils/nnet_conv2d_stream.h:85->firmware/nnet_utils/nnet_conv2d_stream.h:103) to 'shift_line_buffer<array<ap_fixed,1u>,config2>' [64]  (1.22 ns)

 <State 4>: 3.9ns
The critical path consists of the following:
	'mul' operation ('mul_ln1118', firmware/nnet_utils/nnet_mult.h:77->firmware/nnet_utils/nnet_dense_latency.h:96->firmware/nnet_utils/nnet_conv_stream.h:277->firmware/nnet_utils/nnet_conv2d_stream.h:85->firmware/nnet_utils/nnet_conv2d_stream.h:103) [95]  (1.94 ns)
	'add' operation ('add_ln703', firmware/nnet_utils/nnet_dense_latency.h:115->firmware/nnet_utils/nnet_conv_stream.h:277->firmware/nnet_utils/nnet_conv2d_stream.h:85->firmware/nnet_utils/nnet_conv2d_stream.h:103) [168]  (0.608 ns)
	'add' operation ('add_ln703_1288', firmware/nnet_utils/nnet_dense_latency.h:115->firmware/nnet_utils/nnet_conv_stream.h:277->firmware/nnet_utils/nnet_conv2d_stream.h:85->firmware/nnet_utils/nnet_conv2d_stream.h:103) [171]  (0.675 ns)
	'add' operation ('res_out[0].V', firmware/nnet_utils/nnet_dense_latency.h:115->firmware/nnet_utils/nnet_conv_stream.h:277->firmware/nnet_utils/nnet_conv2d_stream.h:85->firmware/nnet_utils/nnet_conv2d_stream.h:103) [178]  (0.675 ns)

 <State 5>: 1.46ns
The critical path consists of the following:
	fifo write on port 'res_V_data_0_V' (firmware/nnet_utils/nnet_conv_stream.h:289->firmware/nnet_utils/nnet_conv2d_stream.h:85->firmware/nnet_utils/nnet_conv2d_stream.h:103) [192]  (1.46 ns)

 <State 6>: 0ns
The critical path consists of the following:


============================================================
+ Verbose Summary: Binding
============================================================
N/A
* FSMD analyzer results:
  - Output states:
 - Input state : 
  - Chain level:
	State 1
	State 2
	State 3
	State 4
	State 5
	State 6


============================================================
+ Verbose Summary: Datapath Resource usage 
============================================================
N/A
